 
****************************************
Report : cell
Design : SCC_4LC_decoder
Version: Q-2019.12-SP5-5
Date   : Mon Sep 11 21:13:47 2023
****************************************

Attributes:
    b - black box (unknown)
    h - hierarchical
    n - noncombinational
    r - removable
    u - contains unmapped logic

Cell                      Reference       Library             Area  Attributes
--------------------------------------------------------------------------------
U579                      STP_NR2_1       um28nchslogl35hsl140f_ssgwc0p9v125c
                                                          0.504000  
U580                      STP_ND2_S_2     um28nchslogl35hsl140f_ssgwc0p9v125c
                                                          0.840000  
U581                      STP_INV_S_1     um28nchslogl35hsl140f_ssgwc0p9v125c
                                                          0.336000  
U582                      STP_ND2_S_2     um28nchslogl35hsl140f_ssgwc0p9v125c
                                                          0.840000  
U583                      STP_INV_S_1     um28nchslogl35hsl140f_ssgwc0p9v125c
                                                          0.336000  
U584                      STP_INV_1P5     um28nchslogl35hsl140f_ssgwc0p9v125c
                                                          0.504000  
U585                      STP_NR2_1       um28nchslogl35hsl140f_ssgwc0p9v125c
                                                          0.504000  
U586                      STP_INV_2       um28nchslogl35hsl140f_ssgwc0p9v125c
                                                          0.504000  
U587                      STP_INV_1P5     um28nchslogl35hsl140f_ssgwc0p9v125c
                                                          0.504000  
U588                      STP_NR2_1       um28nchslogl35hsl140f_ssgwc0p9v125c
                                                          0.504000  
U589                      STP_ND2_G_1     um28nchslogl35hsl140f_ssgwc0p9v125c
                                                          0.504000  
U590                      STP_NR2_3       um28nchslogl35hsl140f_ssgwc0p9v125c
                                                          1.176000  
U591                      STP_ND2_S_2     um28nchslogl35hsl140f_ssgwc0p9v125c
                                                          0.840000  
U592                      STP_BUF_S_3     um28nchslogl35hsl140f_ssgwc0p9v125c
                                                          1.008000  
U593                      STP_ND2_S_1     um28nchslogl35hsl140f_ssgwc0p9v125c
                                                          0.504000  
U594                      STP_ND2_G_1     um28nchslogl35hsl140f_ssgwc0p9v125c
                                                          0.504000  
U595                      STP_NR4_1       um28nchslogl35hsl140f_ssgwc0p9v125c
                                                          0.840000  
U596                      STP_MUXI2_MG_0P75
                                          um28nchslogl35hsl140f_ssgwc0p9v125c
                                                          1.008000  
U597                      STP_NR3_G_1     um28nchslogl35hsl140f_ssgwc0p9v125c
                                                          0.672000  
U598                      STP_INV_S_1     um28nchslogl35hsl140f_ssgwc0p9v125c
                                                          0.336000  
U599                      STP_INV_S_1     um28nchslogl35hsl140f_ssgwc0p9v125c
                                                          0.336000  
U600                      STP_INV_S_1     um28nchslogl35hsl140f_ssgwc0p9v125c
                                                          0.336000  
U601                      STP_INV_S_1     um28nchslogl35hsl140f_ssgwc0p9v125c
                                                          0.336000  
U602                      STP_ND2_S_1     um28nchslogl35hsl140f_ssgwc0p9v125c
                                                          0.504000  
U603                      STP_INV_S_1     um28nchslogl35hsl140f_ssgwc0p9v125c
                                                          0.336000  
U604                      STP_BUF_S_5     um28nchslogl35hsl140f_ssgwc0p9v125c
                                                          1.344000  
U605                      STP_BUF_S_6     um28nchslogl35hsl140f_ssgwc0p9v125c
                                                          1.680000  
U606                      STP_EO3_1       um28nchslogl35hsl140f_ssgwc0p9v125c
                                                          2.184000  
U607                      STP_EO3_0P5     um28nchslogl35hsl140f_ssgwc0p9v125c
                                                          1.512000  
U608                      STP_INV_S_0P65  um28nchslogl35hsl140f_ssgwc0p9v125c
                                                          0.336000  
U609                      STP_INV_S_0P65  um28nchslogl35hsl140f_ssgwc0p9v125c
                                                          0.336000  
U610                      STP_EN2_0P5     um28nchslogl35hsl140f_ssgwc0p9v125c
                                                          1.344000  
U611                      STP_EO3_0P5     um28nchslogl35hsl140f_ssgwc0p9v125c
                                                          1.512000  
U612                      STP_EO3_0P5     um28nchslogl35hsl140f_ssgwc0p9v125c
                                                          1.512000  
U613                      STP_EN2_S_1     um28nchslogl35hsl140f_ssgwc0p9v125c
                                                          1.512000  
U614                      STP_EO3_1       um28nchslogl35hsl140f_ssgwc0p9v125c
                                                          2.184000  
U615                      STP_EN2_0P5     um28nchslogl35hsl140f_ssgwc0p9v125c
                                                          1.344000  
U616                      STP_EO3_1       um28nchslogl35hsl140f_ssgwc0p9v125c
                                                          2.184000  
U617                      STP_EO3_2       um28nchslogl35hsl140f_ssgwc0p9v125c
                                                          2.688000  
U618                      STP_EO2_S_0P5   um28nchslogl35hsl140f_ssgwc0p9v125c
                                                          1.512000  
U619                      STP_EO3_1       um28nchslogl35hsl140f_ssgwc0p9v125c
                                                          2.184000  
U620                      STP_EO3_0P5     um28nchslogl35hsl140f_ssgwc0p9v125c
                                                          1.512000  
U621                      STP_EO2_1       um28nchslogl35hsl140f_ssgwc0p9v125c
                                                          1.512000  
U622                      STP_EN2_S_1     um28nchslogl35hsl140f_ssgwc0p9v125c
                                                          1.512000  
U623                      STP_EN2_S_1     um28nchslogl35hsl140f_ssgwc0p9v125c
                                                          1.512000  
U624                      STP_EN2_0P5     um28nchslogl35hsl140f_ssgwc0p9v125c
                                                          1.344000  
U625                      STP_EO2_S_2     um28nchslogl35hsl140f_ssgwc0p9v125c
                                                          1.512000  
U626                      STP_EN2_S_2     um28nchslogl35hsl140f_ssgwc0p9v125c
                                                          1.680000  
U627                      STP_EN2_S_2     um28nchslogl35hsl140f_ssgwc0p9v125c
                                                          1.680000  
U628                      STP_INV_S_0P65  um28nchslogl35hsl140f_ssgwc0p9v125c
                                                          0.336000  
U629                      STP_INV_S_1     um28nchslogl35hsl140f_ssgwc0p9v125c
                                                          0.336000  
U630                      STP_EO2_S_2     um28nchslogl35hsl140f_ssgwc0p9v125c
                                                          1.512000  
U631                      STP_EO3_0P5     um28nchslogl35hsl140f_ssgwc0p9v125c
                                                          1.512000  
U632                      STP_EN3_1       um28nchslogl35hsl140f_ssgwc0p9v125c
                                                          2.184000  
U633                      STP_EO2_S_2     um28nchslogl35hsl140f_ssgwc0p9v125c
                                                          1.512000  
U634                      STP_AOI22_0P5   um28nchslogl35hsl140f_ssgwc0p9v125c
                                                          0.840000  
U635                      STP_NR2_G_0P5   um28nchslogl35hsl140f_ssgwc0p9v125c
                                                          0.504000  
U636                      STP_MUXI2_MG_0P75
                                          um28nchslogl35hsl140f_ssgwc0p9v125c
                                                          1.008000  
U637                      STP_INV_S_1     um28nchslogl35hsl140f_ssgwc0p9v125c
                                                          0.336000  
U638                      STP_NR2_G_0P5   um28nchslogl35hsl140f_ssgwc0p9v125c
                                                          0.504000  
U639                      STP_AOI22_0P5   um28nchslogl35hsl140f_ssgwc0p9v125c
                                                          0.840000  
U640                      STP_ND4_MM_1P5  um28nchslogl35hsl140f_ssgwc0p9v125c
                                                          1.512000  
U641                      STP_NR2_G_0P8   um28nchslogl35hsl140f_ssgwc0p9v125c
                                                          0.504000  
U642                      STP_NR2_G_0P8   um28nchslogl35hsl140f_ssgwc0p9v125c
                                                          0.504000  
U643                      STP_NR2_G_0P8   um28nchslogl35hsl140f_ssgwc0p9v125c
                                                          0.504000  
U644                      STP_NR2_G_0P8   um28nchslogl35hsl140f_ssgwc0p9v125c
                                                          0.504000  
U645                      STP_NR2_G_0P8   um28nchslogl35hsl140f_ssgwc0p9v125c
                                                          0.504000  
U646                      STP_AOI22_0P75  um28nchslogl35hsl140f_ssgwc0p9v125c
                                                          0.840000  
U647                      STP_NR2_G_0P8   um28nchslogl35hsl140f_ssgwc0p9v125c
                                                          0.504000  
U648                      STP_NR2_1       um28nchslogl35hsl140f_ssgwc0p9v125c
                                                          0.504000  
U649                      STP_NR2_G_0P5   um28nchslogl35hsl140f_ssgwc0p9v125c
                                                          0.504000  
U650                      STP_ND2_G_2     um28nchslogl35hsl140f_ssgwc0p9v125c
                                                          0.840000  
U651                      STP_AOI22_0P75  um28nchslogl35hsl140f_ssgwc0p9v125c
                                                          0.840000  
U652                      STP_NR2_G_0P5   um28nchslogl35hsl140f_ssgwc0p9v125c
                                                          0.504000  
U653                      STP_OR3B_2      um28nchslogl35hsl140f_ssgwc0p9v125c
                                                          1.176000  
U654                      STP_NR2B_2      um28nchslogl35hsl140f_ssgwc0p9v125c
                                                          1.008000  
U655                      STP_INV_3       um28nchslogl35hsl140f_ssgwc0p9v125c
                                                          0.672000  
U656                      STP_NR2_G_2     um28nchslogl35hsl140f_ssgwc0p9v125c
                                                          0.840000  
U657                      STP_NR2B_3      um28nchslogl35hsl140f_ssgwc0p9v125c
                                                          1.512000  
U658                      STP_NR2_3       um28nchslogl35hsl140f_ssgwc0p9v125c
                                                          1.176000  
U659                      STP_AO21B_1     um28nchslogl35hsl140f_ssgwc0p9v125c
                                                          0.840000  
U660                      STP_NR2_1       um28nchslogl35hsl140f_ssgwc0p9v125c
                                                          0.504000  
U661                      STP_NR2_G_0P8   um28nchslogl35hsl140f_ssgwc0p9v125c
                                                          0.504000  
U662                      STP_OAOI211_0P5 um28nchslogl35hsl140f_ssgwc0p9v125c
                                                          0.840000  
U663                      STP_NR2_G_0P5   um28nchslogl35hsl140f_ssgwc0p9v125c
                                                          0.504000  
U664                      STP_OAI22_0P5   um28nchslogl35hsl140f_ssgwc0p9v125c
                                                          0.840000  
U665                      STP_INV_S_0P65  um28nchslogl35hsl140f_ssgwc0p9v125c
                                                          0.336000  
U666                      STP_OAOI211_1   um28nchslogl35hsl140f_ssgwc0p9v125c
                                                          0.840000  
U667                      STP_AOI21_1     um28nchslogl35hsl140f_ssgwc0p9v125c
                                                          0.672000  
U668                      STP_ND2_S_1     um28nchslogl35hsl140f_ssgwc0p9v125c
                                                          0.504000  
U669                      STP_OAOI211_1   um28nchslogl35hsl140f_ssgwc0p9v125c
                                                          0.840000  
U670                      STP_ND2_S_2     um28nchslogl35hsl140f_ssgwc0p9v125c
                                                          0.840000  
U671                      STP_NR2_G_0P8   um28nchslogl35hsl140f_ssgwc0p9v125c
                                                          0.504000  
U672                      STP_ND2_S_1     um28nchslogl35hsl140f_ssgwc0p9v125c
                                                          0.504000  
U673                      STP_NR2_1       um28nchslogl35hsl140f_ssgwc0p9v125c
                                                          0.504000  
U674                      STP_INV_4       um28nchslogl35hsl140f_ssgwc0p9v125c
                                                          0.840000  
U675                      STP_INV_S_5     um28nchslogl35hsl140f_ssgwc0p9v125c
                                                          1.008000  
U676                      STP_NR2_1       um28nchslogl35hsl140f_ssgwc0p9v125c
                                                          0.504000  
U677                      STP_NR2_G_2     um28nchslogl35hsl140f_ssgwc0p9v125c
                                                          0.840000  
U678                      STP_INV_3       um28nchslogl35hsl140f_ssgwc0p9v125c
                                                          0.672000  
U679                      STP_EO3_2       um28nchslogl35hsl140f_ssgwc0p9v125c
                                                          2.688000  
U680                      STP_EO3_2       um28nchslogl35hsl140f_ssgwc0p9v125c
                                                          2.688000  
U681                      STP_EO3_1       um28nchslogl35hsl140f_ssgwc0p9v125c
                                                          2.184000  
U682                      STP_NR2_1       um28nchslogl35hsl140f_ssgwc0p9v125c
                                                          0.504000  
U683                      STP_NR2_1       um28nchslogl35hsl140f_ssgwc0p9v125c
                                                          0.504000  
U684                      STP_NR2_1       um28nchslogl35hsl140f_ssgwc0p9v125c
                                                          0.504000  
U685                      STP_ND3_0P5     um28nchslogl35hsl140f_ssgwc0p9v125c
                                                          0.672000  
U686                      STP_NR2_G_0P8   um28nchslogl35hsl140f_ssgwc0p9v125c
                                                          0.504000  
U687                      STP_ND2_S_5     um28nchslogl35hsl140f_ssgwc0p9v125c
                                                          1.512000  
U688                      STP_ND2_S_2     um28nchslogl35hsl140f_ssgwc0p9v125c
                                                          0.840000  
U689                      STP_INV_S_1     um28nchslogl35hsl140f_ssgwc0p9v125c
                                                          0.336000  
U690                      STP_NR2_G_2     um28nchslogl35hsl140f_ssgwc0p9v125c
                                                          0.840000  
U691                      STP_NR2_1       um28nchslogl35hsl140f_ssgwc0p9v125c
                                                          0.504000  
U692                      STP_OAOI211_1   um28nchslogl35hsl140f_ssgwc0p9v125c
                                                          0.840000  
U693                      STP_OAOI211_1   um28nchslogl35hsl140f_ssgwc0p9v125c
                                                          0.840000  
U694                      STP_AOI21_0P75  um28nchslogl35hsl140f_ssgwc0p9v125c
                                                          0.672000  
U695                      STP_OAOI211_1   um28nchslogl35hsl140f_ssgwc0p9v125c
                                                          0.840000  
U696                      STP_AOI211_G_1  um28nchslogl35hsl140f_ssgwc0p9v125c
                                                          0.840000  
U697                      STP_NR2_G_0P8   um28nchslogl35hsl140f_ssgwc0p9v125c
                                                          0.504000  
U698                      STP_INV_S_0P65  um28nchslogl35hsl140f_ssgwc0p9v125c
                                                          0.336000  
U699                      STP_OAI21_1     um28nchslogl35hsl140f_ssgwc0p9v125c
                                                          0.672000  
U700                      STP_AOI211_0P75 um28nchslogl35hsl140f_ssgwc0p9v125c
                                                          0.840000  
U701                      STP_NR2_G_0P8   um28nchslogl35hsl140f_ssgwc0p9v125c
                                                          0.504000  
U702                      STP_OAI21_0P75  um28nchslogl35hsl140f_ssgwc0p9v125c
                                                          0.672000  
U703                      STP_NR2_1       um28nchslogl35hsl140f_ssgwc0p9v125c
                                                          0.504000  
U704                      STP_ND2_G_1     um28nchslogl35hsl140f_ssgwc0p9v125c
                                                          0.504000  
U705                      STP_INV_S_0P65  um28nchslogl35hsl140f_ssgwc0p9v125c
                                                          0.336000  
U706                      STP_ND2_1P5     um28nchslogl35hsl140f_ssgwc0p9v125c
                                                          0.840000  
U707                      STP_NR2_1       um28nchslogl35hsl140f_ssgwc0p9v125c
                                                          0.504000  
U708                      STP_ND2_S_2     um28nchslogl35hsl140f_ssgwc0p9v125c
                                                          0.840000  
U709                      STP_NR2_G_0P8   um28nchslogl35hsl140f_ssgwc0p9v125c
                                                          0.504000  
U710                      STP_ND2_G_1     um28nchslogl35hsl140f_ssgwc0p9v125c
                                                          0.504000  
U711                      STP_ND2_G_1P5   um28nchslogl35hsl140f_ssgwc0p9v125c
                                                          0.840000  
U712                      STP_INV_2       um28nchslogl35hsl140f_ssgwc0p9v125c
                                                          0.504000  
U713                      STP_INV_1P5     um28nchslogl35hsl140f_ssgwc0p9v125c
                                                          0.504000  
U714                      STP_INV_4       um28nchslogl35hsl140f_ssgwc0p9v125c
                                                          0.840000  
U715                      STP_INV_S_1     um28nchslogl35hsl140f_ssgwc0p9v125c
                                                          0.336000  
U716                      STP_EO2_S_2     um28nchslogl35hsl140f_ssgwc0p9v125c
                                                          1.512000  
U717                      STP_ND2_S_5     um28nchslogl35hsl140f_ssgwc0p9v125c
                                                          1.512000  
U718                      STP_AOI22_0P75  um28nchslogl35hsl140f_ssgwc0p9v125c
                                                          0.840000  
U719                      STP_OAI22_0P75  um28nchslogl35hsl140f_ssgwc0p9v125c
                                                          0.840000  
U720                      STP_NR2_G_0P8   um28nchslogl35hsl140f_ssgwc0p9v125c
                                                          0.504000  
U721                      STP_NR2_G_0P8   um28nchslogl35hsl140f_ssgwc0p9v125c
                                                          0.504000  
U722                      STP_NR2_1       um28nchslogl35hsl140f_ssgwc0p9v125c
                                                          0.504000  
U723                      STP_NR2_G_0P8   um28nchslogl35hsl140f_ssgwc0p9v125c
                                                          0.504000  
U724                      STP_ND2_G_3     um28nchslogl35hsl140f_ssgwc0p9v125c
                                                          1.176000  
U725                      STP_ND2_S_1     um28nchslogl35hsl140f_ssgwc0p9v125c
                                                          0.504000  
U726                      STP_ND2_S_5     um28nchslogl35hsl140f_ssgwc0p9v125c
                                                          1.512000  
U727                      STP_AOI22_2     um28nchslogl35hsl140f_ssgwc0p9v125c
                                                          1.512000  
U728                      STP_ND2_G_3     um28nchslogl35hsl140f_ssgwc0p9v125c
                                                          1.176000  
U729                      STP_NR2B_2      um28nchslogl35hsl140f_ssgwc0p9v125c
                                                          1.008000  
U730                      STP_ND4_MM_4    um28nchslogl35hsl140f_ssgwc0p9v125c
                                                          2.520000  
U731                      STP_INV_S_1     um28nchslogl35hsl140f_ssgwc0p9v125c
                                                          0.336000  
U732                      STP_ND2_1P5     um28nchslogl35hsl140f_ssgwc0p9v125c
                                                          0.840000  
U733                      STP_NR2_G_2P5   um28nchslogl35hsl140f_ssgwc0p9v125c
                                                          1.176000  
U734                      STP_INV_1P5     um28nchslogl35hsl140f_ssgwc0p9v125c
                                                          0.504000  
U735                      STP_INV_2       um28nchslogl35hsl140f_ssgwc0p9v125c
                                                          0.504000  
U736                      STP_INV_2       um28nchslogl35hsl140f_ssgwc0p9v125c
                                                          0.504000  
U737                      STP_OAOI211_1   um28nchslogl35hsl140f_ssgwc0p9v125c
                                                          0.840000  
U738                      STP_OAI21_0P5   um28nchslogl35hsl140f_ssgwc0p9v125c
                                                          0.672000  
U739                      STP_ND2_S_0P8   um28nchslogl35hsl140f_ssgwc0p9v125c
                                                          0.504000  
U740                      STP_OAI22_0P5   um28nchslogl35hsl140f_ssgwc0p9v125c
                                                          0.840000  
U741                      STP_AO222_1     um28nchslogl35hsl140f_ssgwc0p9v125c
                                                          1.680000  
U742                      STP_NR2_G_0P8   um28nchslogl35hsl140f_ssgwc0p9v125c
                                                          0.504000  
U743                      STP_ND2_G_1     um28nchslogl35hsl140f_ssgwc0p9v125c
                                                          0.504000  
U744                      STP_NR2_1       um28nchslogl35hsl140f_ssgwc0p9v125c
                                                          0.504000  
U745                      STP_INV_S_0P65  um28nchslogl35hsl140f_ssgwc0p9v125c
                                                          0.336000  
U746                      STP_INV_1P5     um28nchslogl35hsl140f_ssgwc0p9v125c
                                                          0.504000  
U747                      STP_ND2_G_2     um28nchslogl35hsl140f_ssgwc0p9v125c
                                                          0.840000  
U748                      STP_ND2_S_0P8   um28nchslogl35hsl140f_ssgwc0p9v125c
                                                          0.504000  
U749                      STP_EN2_S_2     um28nchslogl35hsl140f_ssgwc0p9v125c
                                                          1.680000  
U750                      STP_OAI31_G_0P5 um28nchslogl35hsl140f_ssgwc0p9v125c
                                                          0.840000  
U751                      STP_NR2_G_0P8   um28nchslogl35hsl140f_ssgwc0p9v125c
                                                          0.504000  
U752                      STP_NR2_G_0P8   um28nchslogl35hsl140f_ssgwc0p9v125c
                                                          0.504000  
U753                      STP_AO2BB2_DG_2 um28nchslogl35hsl140f_ssgwc0p9v125c
                                                          1.512000  
U754                      STP_INV_S_0P65  um28nchslogl35hsl140f_ssgwc0p9v125c
                                                          0.336000  
U755                      STP_OAI22_2     um28nchslogl35hsl140f_ssgwc0p9v125c
                                                          1.512000  
U756                      STP_NR2_G_2     um28nchslogl35hsl140f_ssgwc0p9v125c
                                                          0.840000  
U757                      STP_ND2_S_3     um28nchslogl35hsl140f_ssgwc0p9v125c
                                                          1.176000  
U758                      STP_ND4_1       um28nchslogl35hsl140f_ssgwc0p9v125c
                                                          0.840000  
U759                      STP_OAOI211_1   um28nchslogl35hsl140f_ssgwc0p9v125c
                                                          0.840000  
U760                      STP_INV_S_1     um28nchslogl35hsl140f_ssgwc0p9v125c
                                                          0.336000  
U761                      STP_ND2_G_3     um28nchslogl35hsl140f_ssgwc0p9v125c
                                                          1.176000  
U762                      STP_EO3_2       um28nchslogl35hsl140f_ssgwc0p9v125c
                                                          2.688000  
U763                      STP_EO2_S_0P5   um28nchslogl35hsl140f_ssgwc0p9v125c
                                                          1.512000  
U764                      STP_NR2_1       um28nchslogl35hsl140f_ssgwc0p9v125c
                                                          0.504000  
U765                      STP_NR2_1       um28nchslogl35hsl140f_ssgwc0p9v125c
                                                          0.504000  
U766                      STP_NR2_1       um28nchslogl35hsl140f_ssgwc0p9v125c
                                                          0.504000  
U767                      STP_NR2_1       um28nchslogl35hsl140f_ssgwc0p9v125c
                                                          0.504000  
U768                      STP_NR2_1       um28nchslogl35hsl140f_ssgwc0p9v125c
                                                          0.504000  
U769                      STP_NR2_1       um28nchslogl35hsl140f_ssgwc0p9v125c
                                                          0.504000  
U770                      STP_NR2_1       um28nchslogl35hsl140f_ssgwc0p9v125c
                                                          0.504000  
U771                      STP_NR2_G_0P8   um28nchslogl35hsl140f_ssgwc0p9v125c
                                                          0.504000  
U772                      STP_NR2_G_0P8   um28nchslogl35hsl140f_ssgwc0p9v125c
                                                          0.504000  
U773                      STP_NR2_G_0P8   um28nchslogl35hsl140f_ssgwc0p9v125c
                                                          0.504000  
U774                      STP_NR2_G_0P8   um28nchslogl35hsl140f_ssgwc0p9v125c
                                                          0.504000  
U775                      STP_OAOI211_1   um28nchslogl35hsl140f_ssgwc0p9v125c
                                                          0.840000  
U776                      STP_NR2_G_0P8   um28nchslogl35hsl140f_ssgwc0p9v125c
                                                          0.504000  
U777                      STP_NR2_G_0P8   um28nchslogl35hsl140f_ssgwc0p9v125c
                                                          0.504000  
U778                      STP_NR2_G_0P8   um28nchslogl35hsl140f_ssgwc0p9v125c
                                                          0.504000  
U779                      STP_ND2_S_0P8   um28nchslogl35hsl140f_ssgwc0p9v125c
                                                          0.504000  
U780                      STP_NR2_G_0P5   um28nchslogl35hsl140f_ssgwc0p9v125c
                                                          0.504000  
U781                      STP_NR2_1       um28nchslogl35hsl140f_ssgwc0p9v125c
                                                          0.504000  
U782                      STP_ND2_G_1     um28nchslogl35hsl140f_ssgwc0p9v125c
                                                          0.504000  
U783                      STP_AOI211_0P75 um28nchslogl35hsl140f_ssgwc0p9v125c
                                                          0.840000  
U784                      STP_NR2_G_0P8   um28nchslogl35hsl140f_ssgwc0p9v125c
                                                          0.504000  
U785                      STP_NR2_G_0P8   um28nchslogl35hsl140f_ssgwc0p9v125c
                                                          0.504000  
U786                      STP_INV_S_1     um28nchslogl35hsl140f_ssgwc0p9v125c
                                                          0.336000  
U787                      STP_NR2_1       um28nchslogl35hsl140f_ssgwc0p9v125c
                                                          0.504000  
U788                      STP_ND2_S_0P8   um28nchslogl35hsl140f_ssgwc0p9v125c
                                                          0.504000  
U789                      STP_ND2_G_2     um28nchslogl35hsl140f_ssgwc0p9v125c
                                                          0.840000  
U790                      STP_NR3_G_0P65  um28nchslogl35hsl140f_ssgwc0p9v125c
                                                          0.672000  
U791                      STP_NR2_1P5     um28nchslogl35hsl140f_ssgwc0p9v125c
                                                          0.840000  
U792                      STP_ND2_G_2     um28nchslogl35hsl140f_ssgwc0p9v125c
                                                          0.840000  
U793                      STP_EO3_1       um28nchslogl35hsl140f_ssgwc0p9v125c
                                                          2.184000  
U794                      STP_EO3_1       um28nchslogl35hsl140f_ssgwc0p9v125c
                                                          2.184000  
U795                      STP_ND2_S_0P8   um28nchslogl35hsl140f_ssgwc0p9v125c
                                                          0.504000  
U796                      STP_NR2_G_2     um28nchslogl35hsl140f_ssgwc0p9v125c
                                                          0.840000  
U797                      STP_AOI21_1     um28nchslogl35hsl140f_ssgwc0p9v125c
                                                          0.672000  
U798                      STP_OAI211_1P5  um28nchslogl35hsl140f_ssgwc0p9v125c
                                                          1.512000  
U799                      STP_MUXI2_MG_0P75
                                          um28nchslogl35hsl140f_ssgwc0p9v125c
                                                          1.008000  
U800                      STP_OAI31_G_0P75
                                          um28nchslogl35hsl140f_ssgwc0p9v125c
                                                          0.840000  
U801                      STP_INV_S_1     um28nchslogl35hsl140f_ssgwc0p9v125c
                                                          0.336000  
U802                      STP_EO3_1       um28nchslogl35hsl140f_ssgwc0p9v125c
                                                          2.184000  
U803                      STP_EN2_S_2     um28nchslogl35hsl140f_ssgwc0p9v125c
                                                          1.680000  
U804                      STP_EO2_1       um28nchslogl35hsl140f_ssgwc0p9v125c
                                                          1.512000  
U805                      STP_NR2_G_0P8   um28nchslogl35hsl140f_ssgwc0p9v125c
                                                          0.504000  
U806                      STP_NR2_G_0P8   um28nchslogl35hsl140f_ssgwc0p9v125c
                                                          0.504000  
U807                      STP_NR2_G_0P8   um28nchslogl35hsl140f_ssgwc0p9v125c
                                                          0.504000  
U808                      STP_NR2_G_0P8   um28nchslogl35hsl140f_ssgwc0p9v125c
                                                          0.504000  
U809                      STP_AOI22_2     um28nchslogl35hsl140f_ssgwc0p9v125c
                                                          1.512000  
U810                      STP_NR2_G_2     um28nchslogl35hsl140f_ssgwc0p9v125c
                                                          0.840000  
U811                      STP_NR4_2       um28nchslogl35hsl140f_ssgwc0p9v125c
                                                          1.512000  
U812                      STP_ND2_G_1     um28nchslogl35hsl140f_ssgwc0p9v125c
                                                          0.504000  
U813                      STP_OAI22_0P5   um28nchslogl35hsl140f_ssgwc0p9v125c
                                                          0.840000  
U814                      STP_AOI22_1     um28nchslogl35hsl140f_ssgwc0p9v125c
                                                          0.840000  
U815                      STP_NR2_G_0P5   um28nchslogl35hsl140f_ssgwc0p9v125c
                                                          0.504000  
U816                      STP_INV_2       um28nchslogl35hsl140f_ssgwc0p9v125c
                                                          0.504000  
U817                      STP_NR2_1P5     um28nchslogl35hsl140f_ssgwc0p9v125c
                                                          0.840000  
U818                      STP_NR2_G_2     um28nchslogl35hsl140f_ssgwc0p9v125c
                                                          0.840000  
U819                      STP_OAI21_0P5   um28nchslogl35hsl140f_ssgwc0p9v125c
                                                          0.672000  
U820                      STP_OAI21_0P75  um28nchslogl35hsl140f_ssgwc0p9v125c
                                                          0.672000  
U821                      STP_NR2_1       um28nchslogl35hsl140f_ssgwc0p9v125c
                                                          0.504000  
U822                      STP_INV_2       um28nchslogl35hsl140f_ssgwc0p9v125c
                                                          0.504000  
U823                      STP_ND2_G_1     um28nchslogl35hsl140f_ssgwc0p9v125c
                                                          0.504000  
U824                      STP_NR2_G_0P8   um28nchslogl35hsl140f_ssgwc0p9v125c
                                                          0.504000  
U825                      STP_OAOI211_0P5 um28nchslogl35hsl140f_ssgwc0p9v125c
                                                          0.840000  
U826                      STP_OAI21_0P5   um28nchslogl35hsl140f_ssgwc0p9v125c
                                                          0.672000  
U827                      STP_NR3_G_0P65  um28nchslogl35hsl140f_ssgwc0p9v125c
                                                          0.672000  
U828                      STP_ND2_S_0P8   um28nchslogl35hsl140f_ssgwc0p9v125c
                                                          0.504000  
U829                      STP_NR2_1       um28nchslogl35hsl140f_ssgwc0p9v125c
                                                          0.504000  
U830                      STP_INV_S_1     um28nchslogl35hsl140f_ssgwc0p9v125c
                                                          0.336000  
U831                      STP_ND2_G_2     um28nchslogl35hsl140f_ssgwc0p9v125c
                                                          0.840000  
U832                      STP_ND2_G_3     um28nchslogl35hsl140f_ssgwc0p9v125c
                                                          1.176000  
U833                      STP_EO3_2       um28nchslogl35hsl140f_ssgwc0p9v125c
                                                          2.688000  
U834                      STP_EO2_1       um28nchslogl35hsl140f_ssgwc0p9v125c
                                                          1.512000  
U835                      STP_INV_S_0P65  um28nchslogl35hsl140f_ssgwc0p9v125c
                                                          0.336000  
U836                      STP_OA21B_1     um28nchslogl35hsl140f_ssgwc0p9v125c
                                                          0.840000  
U837                      STP_NR2_G_0P8   um28nchslogl35hsl140f_ssgwc0p9v125c
                                                          0.504000  
U838                      STP_NR2_G_0P8   um28nchslogl35hsl140f_ssgwc0p9v125c
                                                          0.504000  
U839                      STP_NR2_G_0P8   um28nchslogl35hsl140f_ssgwc0p9v125c
                                                          0.504000  
U840                      STP_NR2_1       um28nchslogl35hsl140f_ssgwc0p9v125c
                                                          0.504000  
U841                      STP_NR2_S_3     um28nchslogl35hsl140f_ssgwc0p9v125c
                                                          1.176000  
U842                      STP_INV_S_0P65  um28nchslogl35hsl140f_ssgwc0p9v125c
                                                          0.336000  
U843                      STP_NR2B_V1DG_2 um28nchslogl35hsl140f_ssgwc0p9v125c
                                                          1.008000  
U844                      STP_NR4_1       um28nchslogl35hsl140f_ssgwc0p9v125c
                                                          0.840000  
U845                      STP_NR2_G_0P8   um28nchslogl35hsl140f_ssgwc0p9v125c
                                                          0.504000  
U846                      STP_INV_S_0P65  um28nchslogl35hsl140f_ssgwc0p9v125c
                                                          0.336000  
U847                      STP_AOI21_0P75  um28nchslogl35hsl140f_ssgwc0p9v125c
                                                          0.672000  
U848                      STP_NR2_G_0P8   um28nchslogl35hsl140f_ssgwc0p9v125c
                                                          0.504000  
U849                      STP_INV_S_0P65  um28nchslogl35hsl140f_ssgwc0p9v125c
                                                          0.336000  
U850                      STP_NR2_G_0P5   um28nchslogl35hsl140f_ssgwc0p9v125c
                                                          0.504000  
U851                      STP_ND2_G_3     um28nchslogl35hsl140f_ssgwc0p9v125c
                                                          1.176000  
U852                      STP_NR2_G_0P8   um28nchslogl35hsl140f_ssgwc0p9v125c
                                                          0.504000  
U853                      STP_INV_S_0P65  um28nchslogl35hsl140f_ssgwc0p9v125c
                                                          0.336000  
U854                      STP_INV_S_0P65  um28nchslogl35hsl140f_ssgwc0p9v125c
                                                          0.336000  
U855                      STP_NR2_1       um28nchslogl35hsl140f_ssgwc0p9v125c
                                                          0.504000  
U856                      STP_NR2_1       um28nchslogl35hsl140f_ssgwc0p9v125c
                                                          0.504000  
U857                      STP_NR2_G_0P8   um28nchslogl35hsl140f_ssgwc0p9v125c
                                                          0.504000  
U858                      STP_AOI22_1     um28nchslogl35hsl140f_ssgwc0p9v125c
                                                          0.840000  
U859                      STP_NR2_G_0P8   um28nchslogl35hsl140f_ssgwc0p9v125c
                                                          0.504000  
U860                      STP_NR2_G_0P8   um28nchslogl35hsl140f_ssgwc0p9v125c
                                                          0.504000  
U861                      STP_AOI211_0P75 um28nchslogl35hsl140f_ssgwc0p9v125c
                                                          0.840000  
U862                      STP_INV_S_0P65  um28nchslogl35hsl140f_ssgwc0p9v125c
                                                          0.336000  
U863                      STP_NR2B_3      um28nchslogl35hsl140f_ssgwc0p9v125c
                                                          1.512000  
U864                      STP_NR2_1       um28nchslogl35hsl140f_ssgwc0p9v125c
                                                          0.504000  
U865                      STP_NR4_1       um28nchslogl35hsl140f_ssgwc0p9v125c
                                                          0.840000  
U866                      STP_AOI22_1     um28nchslogl35hsl140f_ssgwc0p9v125c
                                                          0.840000  
U867                      STP_ND2_G_1     um28nchslogl35hsl140f_ssgwc0p9v125c
                                                          0.504000  
U868                      STP_NR2_G_0P8   um28nchslogl35hsl140f_ssgwc0p9v125c
                                                          0.504000  
U869                      STP_NR4B_1      um28nchslogl35hsl140f_ssgwc0p9v125c
                                                          1.008000  
U870                      STP_AOI211_0P75 um28nchslogl35hsl140f_ssgwc0p9v125c
                                                          0.840000  
U871                      STP_AOI211_0P75 um28nchslogl35hsl140f_ssgwc0p9v125c
                                                          0.840000  
U872                      STP_AOI211_G_1  um28nchslogl35hsl140f_ssgwc0p9v125c
                                                          0.840000  
U873                      STP_MUXI2_MG_0P75
                                          um28nchslogl35hsl140f_ssgwc0p9v125c
                                                          1.008000  
U874                      STP_INV_S_0P65  um28nchslogl35hsl140f_ssgwc0p9v125c
                                                          0.336000  
U875                      STP_ND2_G_1     um28nchslogl35hsl140f_ssgwc0p9v125c
                                                          0.504000  
U876                      STP_NR2_1       um28nchslogl35hsl140f_ssgwc0p9v125c
                                                          0.504000  
U877                      STP_OAI22_0P5   um28nchslogl35hsl140f_ssgwc0p9v125c
                                                          0.840000  
U878                      STP_ND2_G_1     um28nchslogl35hsl140f_ssgwc0p9v125c
                                                          0.504000  
U879                      STP_NR2_1       um28nchslogl35hsl140f_ssgwc0p9v125c
                                                          0.504000  
U880                      STP_OAI21_0P5   um28nchslogl35hsl140f_ssgwc0p9v125c
                                                          0.672000  
U881                      STP_ND2_S_1     um28nchslogl35hsl140f_ssgwc0p9v125c
                                                          0.504000  
U882                      STP_INV_S_1     um28nchslogl35hsl140f_ssgwc0p9v125c
                                                          0.336000  
U883                      STP_ND2_S_0P8   um28nchslogl35hsl140f_ssgwc0p9v125c
                                                          0.504000  
U884                      STP_EO3_2       um28nchslogl35hsl140f_ssgwc0p9v125c
                                                          2.688000  
U885                      STP_EN2_S_2     um28nchslogl35hsl140f_ssgwc0p9v125c
                                                          1.680000  
U886                      STP_EN2_S_2     um28nchslogl35hsl140f_ssgwc0p9v125c
                                                          1.680000  
U887                      STP_EO3_2       um28nchslogl35hsl140f_ssgwc0p9v125c
                                                          2.688000  
U888                      STP_EN2_3       um28nchslogl35hsl140f_ssgwc0p9v125c
                                                          3.024000  
U889                      STP_EN2_3       um28nchslogl35hsl140f_ssgwc0p9v125c
                                                          3.024000  
U890                      STP_EN2_3       um28nchslogl35hsl140f_ssgwc0p9v125c
                                                          3.024000  
U891                      STP_EN2_3       um28nchslogl35hsl140f_ssgwc0p9v125c
                                                          3.024000  
U892                      STP_NR2_G_0P8   um28nchslogl35hsl140f_ssgwc0p9v125c
                                                          0.504000  
U893                      STP_NR2_G_0P8   um28nchslogl35hsl140f_ssgwc0p9v125c
                                                          0.504000  
U894                      STP_NR2_G_0P8   um28nchslogl35hsl140f_ssgwc0p9v125c
                                                          0.504000  
U895                      STP_AOAI211_2   um28nchslogl35hsl140f_ssgwc0p9v125c
                                                          1.512000  
U896                      STP_OAI22_V3S_1 um28nchslogl35hsl140f_ssgwc0p9v125c
                                                          0.840000  
U897                      STP_INV_S_0P65  um28nchslogl35hsl140f_ssgwc0p9v125c
                                                          0.336000  
U898                      STP_NR3_G_1     um28nchslogl35hsl140f_ssgwc0p9v125c
                                                          0.672000  
U899                      STP_OAI31_G_0P75
                                          um28nchslogl35hsl140f_ssgwc0p9v125c
                                                          0.840000  
U900                      STP_NR2_G_0P8   um28nchslogl35hsl140f_ssgwc0p9v125c
                                                          0.504000  
U901                      STP_INV_S_0P65  um28nchslogl35hsl140f_ssgwc0p9v125c
                                                          0.336000  
U902                      STP_INV_S_0P65  um28nchslogl35hsl140f_ssgwc0p9v125c
                                                          0.336000  
U903                      STP_OAOI211_1   um28nchslogl35hsl140f_ssgwc0p9v125c
                                                          0.840000  
U904                      STP_AOI22_0P75  um28nchslogl35hsl140f_ssgwc0p9v125c
                                                          0.840000  
U905                      STP_INV_S_0P65  um28nchslogl35hsl140f_ssgwc0p9v125c
                                                          0.336000  
U906                      STP_AOI211_0P75 um28nchslogl35hsl140f_ssgwc0p9v125c
                                                          0.840000  
U907                      STP_INV_S_0P65  um28nchslogl35hsl140f_ssgwc0p9v125c
                                                          0.336000  
U908                      STP_AOI22_0P75  um28nchslogl35hsl140f_ssgwc0p9v125c
                                                          0.840000  
U909                      STP_INV_S_1     um28nchslogl35hsl140f_ssgwc0p9v125c
                                                          0.336000  
U910                      STP_INV_S_0P65  um28nchslogl35hsl140f_ssgwc0p9v125c
                                                          0.336000  
U911                      STP_NR2_G_0P8   um28nchslogl35hsl140f_ssgwc0p9v125c
                                                          0.504000  
U912                      STP_INV_2       um28nchslogl35hsl140f_ssgwc0p9v125c
                                                          0.504000  
U913                      STP_NR3_G_0P65  um28nchslogl35hsl140f_ssgwc0p9v125c
                                                          0.672000  
U914                      STP_NR2B_1      um28nchslogl35hsl140f_ssgwc0p9v125c
                                                          0.672000  
U915                      STP_ND2_G_3     um28nchslogl35hsl140f_ssgwc0p9v125c
                                                          1.176000  
U916                      STP_INV_S_0P65  um28nchslogl35hsl140f_ssgwc0p9v125c
                                                          0.336000  
U917                      STP_EN3_3       um28nchslogl35hsl140f_ssgwc0p9v125c
                                                          4.032000  
U918                      STP_INV_S_0P65  um28nchslogl35hsl140f_ssgwc0p9v125c
                                                          0.336000  
U919                      STP_EN3_3       um28nchslogl35hsl140f_ssgwc0p9v125c
                                                          4.032000  
U920                      STP_INV_S_0P65  um28nchslogl35hsl140f_ssgwc0p9v125c
                                                          0.336000  
U921                      STP_EO3_2       um28nchslogl35hsl140f_ssgwc0p9v125c
                                                          2.688000  
U922                      STP_EO2_S_0P5   um28nchslogl35hsl140f_ssgwc0p9v125c
                                                          1.512000  
U923                      STP_INV_S_1     um28nchslogl35hsl140f_ssgwc0p9v125c
                                                          0.336000  
U924                      STP_EN2_S_2     um28nchslogl35hsl140f_ssgwc0p9v125c
                                                          1.680000  
U925                      STP_EO2_S_0P5   um28nchslogl35hsl140f_ssgwc0p9v125c
                                                          1.512000  
U926                      STP_EO3_2       um28nchslogl35hsl140f_ssgwc0p9v125c
                                                          2.688000  
U927                      STP_EN2_S_2     um28nchslogl35hsl140f_ssgwc0p9v125c
                                                          1.680000  
U928                      STP_INV_S_1     um28nchslogl35hsl140f_ssgwc0p9v125c
                                                          0.336000  
U929                      STP_INV_S_1     um28nchslogl35hsl140f_ssgwc0p9v125c
                                                          0.336000  
U930                      STP_INV_S_1     um28nchslogl35hsl140f_ssgwc0p9v125c
                                                          0.336000  
U931                      STP_INV_S_1     um28nchslogl35hsl140f_ssgwc0p9v125c
                                                          0.336000  
U932                      STP_INV_S_0P65  um28nchslogl35hsl140f_ssgwc0p9v125c
                                                          0.336000  
U933                      STP_EN2_S_2     um28nchslogl35hsl140f_ssgwc0p9v125c
                                                          1.680000  
U934                      STP_EO2_1       um28nchslogl35hsl140f_ssgwc0p9v125c
                                                          1.512000  
U935                      STP_EN2_3       um28nchslogl35hsl140f_ssgwc0p9v125c
                                                          3.024000  
U936                      STP_INV_2       um28nchslogl35hsl140f_ssgwc0p9v125c
                                                          0.504000  
U937                      STP_MUXI2_MG_0P75
                                          um28nchslogl35hsl140f_ssgwc0p9v125c
                                                          1.008000  
U938                      STP_OAI31_G_1   um28nchslogl35hsl140f_ssgwc0p9v125c
                                                          0.840000  
U939                      STP_AOI31_0P5   um28nchslogl35hsl140f_ssgwc0p9v125c
                                                          0.840000  
U940                      STP_AOAI211_2   um28nchslogl35hsl140f_ssgwc0p9v125c
                                                          1.512000  
U941                      STP_NR2_1       um28nchslogl35hsl140f_ssgwc0p9v125c
                                                          0.504000  
U942                      STP_NR2_1       um28nchslogl35hsl140f_ssgwc0p9v125c
                                                          0.504000  
U943                      STP_AOI21_1     um28nchslogl35hsl140f_ssgwc0p9v125c
                                                          0.672000  
U944                      STP_INV_2       um28nchslogl35hsl140f_ssgwc0p9v125c
                                                          0.504000  
U945                      STP_ND2_G_3     um28nchslogl35hsl140f_ssgwc0p9v125c
                                                          1.176000  
U946                      STP_EN3_3       um28nchslogl35hsl140f_ssgwc0p9v125c
                                                          4.032000  
U947                      STP_INV_S_0P65  um28nchslogl35hsl140f_ssgwc0p9v125c
                                                          0.336000  
U948                      STP_INV_S_0P65  um28nchslogl35hsl140f_ssgwc0p9v125c
                                                          0.336000  
U949                      STP_ND2_G_1     um28nchslogl35hsl140f_ssgwc0p9v125c
                                                          0.504000  
U950                      STP_INV_S_0P65  um28nchslogl35hsl140f_ssgwc0p9v125c
                                                          0.336000  
U951                      STP_INV_S_0P65  um28nchslogl35hsl140f_ssgwc0p9v125c
                                                          0.336000  
U952                      STP_INV_S_0P65  um28nchslogl35hsl140f_ssgwc0p9v125c
                                                          0.336000  
U953                      STP_INV_S_0P65  um28nchslogl35hsl140f_ssgwc0p9v125c
                                                          0.336000  
U954                      STP_INV_S_0P65  um28nchslogl35hsl140f_ssgwc0p9v125c
                                                          0.336000  
U955                      STP_EO3_1       um28nchslogl35hsl140f_ssgwc0p9v125c
                                                          2.184000  
U956                      STP_INV_S_0P65  um28nchslogl35hsl140f_ssgwc0p9v125c
                                                          0.336000  
U957                      STP_AOI31_0P5   um28nchslogl35hsl140f_ssgwc0p9v125c
                                                          0.840000  
U958                      STP_NR3_G_0P65  um28nchslogl35hsl140f_ssgwc0p9v125c
                                                          0.672000  
U959                      STP_NR3_G_0P65  um28nchslogl35hsl140f_ssgwc0p9v125c
                                                          0.672000  
U960                      STP_AOI211_G_1  um28nchslogl35hsl140f_ssgwc0p9v125c
                                                          0.840000  
U961                      STP_OAI21_1     um28nchslogl35hsl140f_ssgwc0p9v125c
                                                          0.672000  
U962                      STP_INV_S_0P65  um28nchslogl35hsl140f_ssgwc0p9v125c
                                                          0.336000  
U963                      STP_NR2_G_0P5   um28nchslogl35hsl140f_ssgwc0p9v125c
                                                          0.504000  
U964                      STP_AOI22_1     um28nchslogl35hsl140f_ssgwc0p9v125c
                                                          0.840000  
U965                      STP_OAI21_0P5   um28nchslogl35hsl140f_ssgwc0p9v125c
                                                          0.672000  
U966                      STP_AOI211_0P5  um28nchslogl35hsl140f_ssgwc0p9v125c
                                                          0.840000  
U967                      STP_NR3_G_0P65  um28nchslogl35hsl140f_ssgwc0p9v125c
                                                          0.672000  
U968                      STP_INV_S_0P65  um28nchslogl35hsl140f_ssgwc0p9v125c
                                                          0.336000  
U969                      STP_AOAI211_0P5 um28nchslogl35hsl140f_ssgwc0p9v125c
                                                          0.840000  
U970                      STP_NR2_G_0P5   um28nchslogl35hsl140f_ssgwc0p9v125c
                                                          0.504000  
U971                      STP_NR2_G_0P5   um28nchslogl35hsl140f_ssgwc0p9v125c
                                                          0.504000  
U972                      STP_INV_S_1     um28nchslogl35hsl140f_ssgwc0p9v125c
                                                          0.336000  
U973                      STP_OAI21_0P5   um28nchslogl35hsl140f_ssgwc0p9v125c
                                                          0.672000  
U974                      STP_OAI31_G_0P5 um28nchslogl35hsl140f_ssgwc0p9v125c
                                                          0.840000  
U975                      STP_INV_S_1     um28nchslogl35hsl140f_ssgwc0p9v125c
                                                          0.336000  
U976                      STP_EN3_1       um28nchslogl35hsl140f_ssgwc0p9v125c
                                                          2.184000  
U977                      STP_EO3_2       um28nchslogl35hsl140f_ssgwc0p9v125c
                                                          2.688000  
U978                      STP_INV_S_0P65  um28nchslogl35hsl140f_ssgwc0p9v125c
                                                          0.336000  
U979                      STP_EO3_0P5     um28nchslogl35hsl140f_ssgwc0p9v125c
                                                          1.512000  
U980                      STP_INV_S_0P65  um28nchslogl35hsl140f_ssgwc0p9v125c
                                                          0.336000  
U981                      STP_NR2_G_0P5   um28nchslogl35hsl140f_ssgwc0p9v125c
                                                          0.504000  
U982                      STP_AOI211_0P5  um28nchslogl35hsl140f_ssgwc0p9v125c
                                                          0.840000  
U983                      STP_NR3_G_1     um28nchslogl35hsl140f_ssgwc0p9v125c
                                                          0.672000  
U984                      STP_ND2_G_1     um28nchslogl35hsl140f_ssgwc0p9v125c
                                                          0.504000  
U985                      STP_OAI211_0P5  um28nchslogl35hsl140f_ssgwc0p9v125c
                                                          0.840000  
U986                      STP_INV_S_0P65  um28nchslogl35hsl140f_ssgwc0p9v125c
                                                          0.336000  
U987                      STP_INV_S_0P65  um28nchslogl35hsl140f_ssgwc0p9v125c
                                                          0.336000  
U988                      STP_NR4_1       um28nchslogl35hsl140f_ssgwc0p9v125c
                                                          0.840000  
U989                      STP_OAOI211_0P5 um28nchslogl35hsl140f_ssgwc0p9v125c
                                                          0.840000  
U990                      STP_OAOI211_0P5 um28nchslogl35hsl140f_ssgwc0p9v125c
                                                          0.840000  
U991                      STP_INV_S_0P65  um28nchslogl35hsl140f_ssgwc0p9v125c
                                                          0.336000  
U992                      STP_NR3_G_0P65  um28nchslogl35hsl140f_ssgwc0p9v125c
                                                          0.672000  
U993                      STP_INV_S_0P65  um28nchslogl35hsl140f_ssgwc0p9v125c
                                                          0.336000  
U994                      STP_AOI22_1     um28nchslogl35hsl140f_ssgwc0p9v125c
                                                          0.840000  
U995                      STP_INV_S_1     um28nchslogl35hsl140f_ssgwc0p9v125c
                                                          0.336000  
U996                      STP_AOI21_1     um28nchslogl35hsl140f_ssgwc0p9v125c
                                                          0.672000  
U997                      STP_NR2_G_0P5   um28nchslogl35hsl140f_ssgwc0p9v125c
                                                          0.504000  
U998                      STP_NR2_G_0P5   um28nchslogl35hsl140f_ssgwc0p9v125c
                                                          0.504000  
U999                      STP_ND2_G_1     um28nchslogl35hsl140f_ssgwc0p9v125c
                                                          0.504000  
U1000                     STP_AOAI211_0P5 um28nchslogl35hsl140f_ssgwc0p9v125c
                                                          0.840000  
U1001                     STP_NR2_G_0P5   um28nchslogl35hsl140f_ssgwc0p9v125c
                                                          0.504000  
U1002                     STP_INV_S_0P65  um28nchslogl35hsl140f_ssgwc0p9v125c
                                                          0.336000  
U1003                     STP_INV_S_0P65  um28nchslogl35hsl140f_ssgwc0p9v125c
                                                          0.336000  
U1004                     STP_INV_S_0P65  um28nchslogl35hsl140f_ssgwc0p9v125c
                                                          0.336000  
U1005                     STP_NR3_G_2     um28nchslogl35hsl140f_ssgwc0p9v125c
                                                          1.176000  
U1006                     STP_AOI22_0P5   um28nchslogl35hsl140f_ssgwc0p9v125c
                                                          0.840000  
U1007                     STP_INV_S_0P65  um28nchslogl35hsl140f_ssgwc0p9v125c
                                                          0.336000  
U1008                     STP_OAI31_G_1   um28nchslogl35hsl140f_ssgwc0p9v125c
                                                          0.840000  
U1009                     STP_ND2_G_1     um28nchslogl35hsl140f_ssgwc0p9v125c
                                                          0.504000  
U1010                     STP_OAI22_0P5   um28nchslogl35hsl140f_ssgwc0p9v125c
                                                          0.840000  
U1011                     STP_INV_S_0P65  um28nchslogl35hsl140f_ssgwc0p9v125c
                                                          0.336000  
U1012                     STP_EN2_S_2     um28nchslogl35hsl140f_ssgwc0p9v125c
                                                          1.680000  
U1013                     STP_ND2_G_1     um28nchslogl35hsl140f_ssgwc0p9v125c
                                                          0.504000  
U1014                     STP_NR3_G_1     um28nchslogl35hsl140f_ssgwc0p9v125c
                                                          0.672000  
U1015                     STP_NR2_G_2     um28nchslogl35hsl140f_ssgwc0p9v125c
                                                          0.840000  
U1016                     STP_NR2_G_0P5   um28nchslogl35hsl140f_ssgwc0p9v125c
                                                          0.504000  
U1017                     STP_NR2_G_2     um28nchslogl35hsl140f_ssgwc0p9v125c
                                                          0.840000  
U1018                     STP_ND2_G_1     um28nchslogl35hsl140f_ssgwc0p9v125c
                                                          0.504000  
U1019                     STP_INV_S_0P65  um28nchslogl35hsl140f_ssgwc0p9v125c
                                                          0.336000  
U1020                     STP_ND2_G_1     um28nchslogl35hsl140f_ssgwc0p9v125c
                                                          0.504000  
U1021                     STP_AOI21_0P75  um28nchslogl35hsl140f_ssgwc0p9v125c
                                                          0.672000  
U1022                     STP_OAOI211_0P5 um28nchslogl35hsl140f_ssgwc0p9v125c
                                                          0.840000  
U1023                     STP_AO21B_1     um28nchslogl35hsl140f_ssgwc0p9v125c
                                                          0.840000  
U1024                     STP_NR2_G_0P5   um28nchslogl35hsl140f_ssgwc0p9v125c
                                                          0.504000  
U1025                     STP_NR2_G_0P5   um28nchslogl35hsl140f_ssgwc0p9v125c
                                                          0.504000  
U1026                     STP_NR2_G_0P5   um28nchslogl35hsl140f_ssgwc0p9v125c
                                                          0.504000  
U1027                     STP_NR2_1       um28nchslogl35hsl140f_ssgwc0p9v125c
                                                          0.504000  
U1028                     STP_EO2_S_2     um28nchslogl35hsl140f_ssgwc0p9v125c
                                                          1.512000  
U1029                     STP_EO2_S_2     um28nchslogl35hsl140f_ssgwc0p9v125c
                                                          1.512000  
U1030                     STP_EO2_S_2     um28nchslogl35hsl140f_ssgwc0p9v125c
                                                          1.512000  
U1031                     STP_EO2_S_0P5   um28nchslogl35hsl140f_ssgwc0p9v125c
                                                          1.512000  
U1032                     STP_EO2_S_0P5   um28nchslogl35hsl140f_ssgwc0p9v125c
                                                          1.512000  
U1033                     STP_EO3_1       um28nchslogl35hsl140f_ssgwc0p9v125c
                                                          2.184000  
U1034                     STP_EO2_S_2     um28nchslogl35hsl140f_ssgwc0p9v125c
                                                          1.512000  
U1035                     STP_EO3_2       um28nchslogl35hsl140f_ssgwc0p9v125c
                                                          2.688000  
U1036                     STP_EN2_S_2     um28nchslogl35hsl140f_ssgwc0p9v125c
                                                          1.680000  
U1037                     STP_EN2_S_2     um28nchslogl35hsl140f_ssgwc0p9v125c
                                                          1.680000  
U1038                     STP_EN2_S_2     um28nchslogl35hsl140f_ssgwc0p9v125c
                                                          1.680000  
U1039                     STP_EN2_S_2     um28nchslogl35hsl140f_ssgwc0p9v125c
                                                          1.680000  
U1040                     STP_EO2_S_2     um28nchslogl35hsl140f_ssgwc0p9v125c
                                                          1.512000  
U1041                     STP_EN2_S_2     um28nchslogl35hsl140f_ssgwc0p9v125c
                                                          1.680000  
U1042                     STP_EN2_S_2     um28nchslogl35hsl140f_ssgwc0p9v125c
                                                          1.680000  
U1043                     STP_EO2_S_2     um28nchslogl35hsl140f_ssgwc0p9v125c
                                                          1.512000  
U1044                     STP_EO3_2       um28nchslogl35hsl140f_ssgwc0p9v125c
                                                          2.688000  
U1045                     STP_EO2_S_2     um28nchslogl35hsl140f_ssgwc0p9v125c
                                                          1.512000  
U1046                     STP_EO3_1       um28nchslogl35hsl140f_ssgwc0p9v125c
                                                          2.184000  
U1047                     STP_EO2_S_2     um28nchslogl35hsl140f_ssgwc0p9v125c
                                                          1.512000  
U1048                     STP_EN3_3       um28nchslogl35hsl140f_ssgwc0p9v125c
                                                          4.032000  
U1049                     STP_EN3_3       um28nchslogl35hsl140f_ssgwc0p9v125c
                                                          4.032000  
U1050                     STP_NR2_G_0P5   um28nchslogl35hsl140f_ssgwc0p9v125c
                                                          0.504000  
U1051                     STP_EO3_1       um28nchslogl35hsl140f_ssgwc0p9v125c
                                                          2.184000  
U1052                     STP_EO2_S_2     um28nchslogl35hsl140f_ssgwc0p9v125c
                                                          1.512000  
U1053                     STP_EO3_1       um28nchslogl35hsl140f_ssgwc0p9v125c
                                                          2.184000  
U1054                     STP_EN3_3       um28nchslogl35hsl140f_ssgwc0p9v125c
                                                          4.032000  
U1055                     STP_EO3_3       um28nchslogl35hsl140f_ssgwc0p9v125c
                                                          4.200000  
U1056                     STP_EO2_S_2     um28nchslogl35hsl140f_ssgwc0p9v125c
                                                          1.512000  
U1057                     STP_EO2_S_2     um28nchslogl35hsl140f_ssgwc0p9v125c
                                                          1.512000  
U1058                     STP_EO3_2       um28nchslogl35hsl140f_ssgwc0p9v125c
                                                          2.688000  
U1059                     STP_EO3_3       um28nchslogl35hsl140f_ssgwc0p9v125c
                                                          4.200000  
U1060                     STP_ND2_S_0P8   um28nchslogl35hsl140f_ssgwc0p9v125c
                                                          0.504000  
U1061                     STP_EO2_S_2     um28nchslogl35hsl140f_ssgwc0p9v125c
                                                          1.512000  
U1062                     STP_EO2_S_2     um28nchslogl35hsl140f_ssgwc0p9v125c
                                                          1.512000  
U1063                     STP_EO3_3       um28nchslogl35hsl140f_ssgwc0p9v125c
                                                          4.200000  
U1064                     STP_EO3_3       um28nchslogl35hsl140f_ssgwc0p9v125c
                                                          4.200000  
U1065                     STP_EO2_S_2     um28nchslogl35hsl140f_ssgwc0p9v125c
                                                          1.512000  
U1066                     STP_EO3_0P5     um28nchslogl35hsl140f_ssgwc0p9v125c
                                                          1.512000  
U1067                     STP_EO2_S_2     um28nchslogl35hsl140f_ssgwc0p9v125c
                                                          1.512000  
U1068                     STP_EO3_0P5     um28nchslogl35hsl140f_ssgwc0p9v125c
                                                          1.512000  
U1069                     STP_EN2_0P5     um28nchslogl35hsl140f_ssgwc0p9v125c
                                                          1.344000  
U1070                     STP_EN3_1       um28nchslogl35hsl140f_ssgwc0p9v125c
                                                          2.184000  
U1071                     STP_NR2_1       um28nchslogl35hsl140f_ssgwc0p9v125c
                                                          0.504000  
U1072                     STP_AOI21_0P75  um28nchslogl35hsl140f_ssgwc0p9v125c
                                                          0.672000  
U1073                     STP_EO3_0P5     um28nchslogl35hsl140f_ssgwc0p9v125c
                                                          1.512000  
U1074                     STP_EO3_0P5     um28nchslogl35hsl140f_ssgwc0p9v125c
                                                          1.512000  
U1075                     STP_AO2BB2_0P5  um28nchslogl35hsl140f_ssgwc0p9v125c
                                                          1.008000  
U1076                     STP_EN2_0P5     um28nchslogl35hsl140f_ssgwc0p9v125c
                                                          1.344000  
U1077                     STP_EO3_0P5     um28nchslogl35hsl140f_ssgwc0p9v125c
                                                          1.512000  
U1078                     STP_EO3_0P5     um28nchslogl35hsl140f_ssgwc0p9v125c
                                                          1.512000  
U1079                     STP_EO3_0P5     um28nchslogl35hsl140f_ssgwc0p9v125c
                                                          1.512000  
U1080                     STP_EN3_1       um28nchslogl35hsl140f_ssgwc0p9v125c
                                                          2.184000  
U1081                     STP_INV_S_1     um28nchslogl35hsl140f_ssgwc0p9v125c
                                                          0.336000  
U1082                     STP_NR2_G_0P5   um28nchslogl35hsl140f_ssgwc0p9v125c
                                                          0.504000  
U1083                     STP_OAI22_0P5   um28nchslogl35hsl140f_ssgwc0p9v125c
                                                          0.840000  
U1084                     STP_AOI211_G_1  um28nchslogl35hsl140f_ssgwc0p9v125c
                                                          0.840000  
U1085                     STP_ND2_S_0P8   um28nchslogl35hsl140f_ssgwc0p9v125c
                                                          0.504000  
U1086                     STP_ND4_MM_1    um28nchslogl35hsl140f_ssgwc0p9v125c
                                                          0.840000  
U1087                     STP_INV_S_1     um28nchslogl35hsl140f_ssgwc0p9v125c
                                                          0.336000  
U1088                     STP_ND2_S_0P8   um28nchslogl35hsl140f_ssgwc0p9v125c
                                                          0.504000  
U1089                     STP_AOI21_0P75  um28nchslogl35hsl140f_ssgwc0p9v125c
                                                          0.672000  
U1090                     STP_NR2_G_0P8   um28nchslogl35hsl140f_ssgwc0p9v125c
                                                          0.504000  
U1091                     STP_OAI22_0P5   um28nchslogl35hsl140f_ssgwc0p9v125c
                                                          0.840000  
U1092                     STP_INV_S_1     um28nchslogl35hsl140f_ssgwc0p9v125c
                                                          0.336000  
U1093                     STP_NR2_G_0P5   um28nchslogl35hsl140f_ssgwc0p9v125c
                                                          0.504000  
U1094                     STP_ND3_0P5     um28nchslogl35hsl140f_ssgwc0p9v125c
                                                          0.672000  
U1095                     STP_AOI21_0P75  um28nchslogl35hsl140f_ssgwc0p9v125c
                                                          0.672000  
U1096                     STP_NR2_G_0P5   um28nchslogl35hsl140f_ssgwc0p9v125c
                                                          0.504000  
U1097                     STP_ND2_S_0P8   um28nchslogl35hsl140f_ssgwc0p9v125c
                                                          0.504000  
U1098                     STP_AOI21_0P75  um28nchslogl35hsl140f_ssgwc0p9v125c
                                                          0.672000  
U1099                     STP_ND2_G_1     um28nchslogl35hsl140f_ssgwc0p9v125c
                                                          0.504000  
U1100                     STP_OAOI211_1   um28nchslogl35hsl140f_ssgwc0p9v125c
                                                          0.840000  
U1101                     STP_OAI22_0P5   um28nchslogl35hsl140f_ssgwc0p9v125c
                                                          0.840000  
U1102                     STP_AOI21_1     um28nchslogl35hsl140f_ssgwc0p9v125c
                                                          0.672000  
U1103                     STP_ND2_S_0P8   um28nchslogl35hsl140f_ssgwc0p9v125c
                                                          0.504000  
U1104                     STP_ND2_S_0P8   um28nchslogl35hsl140f_ssgwc0p9v125c
                                                          0.504000  
U1105                     STP_OAI22_0P5   um28nchslogl35hsl140f_ssgwc0p9v125c
                                                          0.840000  
U1106                     STP_AOI211_0P75 um28nchslogl35hsl140f_ssgwc0p9v125c
                                                          0.840000  
U1107                     STP_MUXI2_MG_1P5
                                          um28nchslogl35hsl140f_ssgwc0p9v125c
                                                          1.680000  
U1108                     STP_AOI21_0P75  um28nchslogl35hsl140f_ssgwc0p9v125c
                                                          0.672000  
U1109                     STP_AOI21_0P75  um28nchslogl35hsl140f_ssgwc0p9v125c
                                                          0.672000  
U1110                     STP_OAOI211_0P5 um28nchslogl35hsl140f_ssgwc0p9v125c
                                                          0.840000  
U1111                     STP_EO2_S_0P5   um28nchslogl35hsl140f_ssgwc0p9v125c
                                                          1.512000  
U1112                     STP_EO2_S_0P5   um28nchslogl35hsl140f_ssgwc0p9v125c
                                                          1.512000  
U1113                     STP_EO2_S_0P5   um28nchslogl35hsl140f_ssgwc0p9v125c
                                                          1.512000  
U1114                     STP_EO2_S_0P5   um28nchslogl35hsl140f_ssgwc0p9v125c
                                                          1.512000  
U1115                     STP_EO2_S_0P5   um28nchslogl35hsl140f_ssgwc0p9v125c
                                                          1.512000  
U1116                     STP_EO2_S_0P5   um28nchslogl35hsl140f_ssgwc0p9v125c
                                                          1.512000  
U1117                     STP_EO2_S_0P5   um28nchslogl35hsl140f_ssgwc0p9v125c
                                                          1.512000  
U1118                     STP_EO2_S_0P5   um28nchslogl35hsl140f_ssgwc0p9v125c
                                                          1.512000  
U1119                     STP_EO2_S_0P5   um28nchslogl35hsl140f_ssgwc0p9v125c
                                                          1.512000  
U1120                     STP_EO2_S_0P5   um28nchslogl35hsl140f_ssgwc0p9v125c
                                                          1.512000  
U1121                     STP_EO2_S_0P5   um28nchslogl35hsl140f_ssgwc0p9v125c
                                                          1.512000  
U1122                     STP_EO2_S_0P5   um28nchslogl35hsl140f_ssgwc0p9v125c
                                                          1.512000  
U1123                     STP_EO2_S_0P5   um28nchslogl35hsl140f_ssgwc0p9v125c
                                                          1.512000  
U1124                     STP_EO2_S_0P5   um28nchslogl35hsl140f_ssgwc0p9v125c
                                                          1.512000  
U1125                     STP_EO2_S_0P5   um28nchslogl35hsl140f_ssgwc0p9v125c
                                                          1.512000  
U1126                     STP_EO2_S_0P5   um28nchslogl35hsl140f_ssgwc0p9v125c
                                                          1.512000  
U1127                     STP_EO2_S_0P5   um28nchslogl35hsl140f_ssgwc0p9v125c
                                                          1.512000  
U1128                     STP_EO2_S_0P5   um28nchslogl35hsl140f_ssgwc0p9v125c
                                                          1.512000  
U1129                     STP_EO2_S_0P5   um28nchslogl35hsl140f_ssgwc0p9v125c
                                                          1.512000  
U1130                     STP_EO2_S_0P5   um28nchslogl35hsl140f_ssgwc0p9v125c
                                                          1.512000  
U1131                     STP_NR2_G_0P5   um28nchslogl35hsl140f_ssgwc0p9v125c
                                                          0.504000  
U1132                     STP_EO2_S_0P5   um28nchslogl35hsl140f_ssgwc0p9v125c
                                                          1.512000  
U1133                     STP_EO2_S_0P5   um28nchslogl35hsl140f_ssgwc0p9v125c
                                                          1.512000  
U1134                     STP_EO2_S_0P5   um28nchslogl35hsl140f_ssgwc0p9v125c
                                                          1.512000  
U1135                     STP_EO2_S_0P5   um28nchslogl35hsl140f_ssgwc0p9v125c
                                                          1.512000  
U1136                     STP_EO2_S_0P5   um28nchslogl35hsl140f_ssgwc0p9v125c
                                                          1.512000  
U1137                     STP_EO2_S_0P5   um28nchslogl35hsl140f_ssgwc0p9v125c
                                                          1.512000  
U1138                     STP_EO2_S_0P5   um28nchslogl35hsl140f_ssgwc0p9v125c
                                                          1.512000  
U1139                     STP_EO2_S_0P5   um28nchslogl35hsl140f_ssgwc0p9v125c
                                                          1.512000  
U1140                     STP_EO2_S_0P5   um28nchslogl35hsl140f_ssgwc0p9v125c
                                                          1.512000  
U1141                     STP_EO2_S_0P5   um28nchslogl35hsl140f_ssgwc0p9v125c
                                                          1.512000  
U1142                     STP_EO2_S_0P5   um28nchslogl35hsl140f_ssgwc0p9v125c
                                                          1.512000  
U1143                     STP_EO2_S_0P5   um28nchslogl35hsl140f_ssgwc0p9v125c
                                                          1.512000  
U1144                     STP_EO2_S_0P5   um28nchslogl35hsl140f_ssgwc0p9v125c
                                                          1.512000  
U1145                     STP_EO2_S_0P5   um28nchslogl35hsl140f_ssgwc0p9v125c
                                                          1.512000  
U1146                     STP_EO2_S_0P5   um28nchslogl35hsl140f_ssgwc0p9v125c
                                                          1.512000  
U1147                     STP_EO2_S_0P5   um28nchslogl35hsl140f_ssgwc0p9v125c
                                                          1.512000  
U1148                     STP_EO2_S_0P5   um28nchslogl35hsl140f_ssgwc0p9v125c
                                                          1.512000  
U1149                     STP_EO2_S_0P5   um28nchslogl35hsl140f_ssgwc0p9v125c
                                                          1.512000  
U1150                     STP_EO2_S_0P5   um28nchslogl35hsl140f_ssgwc0p9v125c
                                                          1.512000  
U1151                     STP_EO2_S_0P5   um28nchslogl35hsl140f_ssgwc0p9v125c
                                                          1.512000  
U1152                     STP_EO2_S_0P5   um28nchslogl35hsl140f_ssgwc0p9v125c
                                                          1.512000  
U1153                     STP_EO2_S_0P5   um28nchslogl35hsl140f_ssgwc0p9v125c
                                                          1.512000  
U1154                     STP_EO2_S_0P5   um28nchslogl35hsl140f_ssgwc0p9v125c
                                                          1.512000  
U1155                     STP_EO2_S_0P5   um28nchslogl35hsl140f_ssgwc0p9v125c
                                                          1.512000  
U1156                     STP_EO2_S_0P5   um28nchslogl35hsl140f_ssgwc0p9v125c
                                                          1.512000  
U1157                     STP_EO2_S_0P5   um28nchslogl35hsl140f_ssgwc0p9v125c
                                                          1.512000  
U1158                     STP_EO2_S_0P5   um28nchslogl35hsl140f_ssgwc0p9v125c
                                                          1.512000  
U1159                     STP_EO2_S_0P5   um28nchslogl35hsl140f_ssgwc0p9v125c
                                                          1.512000  
U1160                     STP_EO2_S_0P5   um28nchslogl35hsl140f_ssgwc0p9v125c
                                                          1.512000  
U1161                     STP_EO2_S_0P5   um28nchslogl35hsl140f_ssgwc0p9v125c
                                                          1.512000  
U1162                     STP_EO2_S_0P5   um28nchslogl35hsl140f_ssgwc0p9v125c
                                                          1.512000  
U1163                     STP_EO2_S_0P5   um28nchslogl35hsl140f_ssgwc0p9v125c
                                                          1.512000  
U1164                     STP_EO2_S_0P5   um28nchslogl35hsl140f_ssgwc0p9v125c
                                                          1.512000  
U1165                     STP_EO2_S_0P5   um28nchslogl35hsl140f_ssgwc0p9v125c
                                                          1.512000  
U1166                     STP_EO2_S_0P5   um28nchslogl35hsl140f_ssgwc0p9v125c
                                                          1.512000  
U1167                     STP_EO2_S_0P5   um28nchslogl35hsl140f_ssgwc0p9v125c
                                                          1.512000  
U1168                     STP_EO2_S_0P5   um28nchslogl35hsl140f_ssgwc0p9v125c
                                                          1.512000  
U1169                     STP_EO2_S_0P5   um28nchslogl35hsl140f_ssgwc0p9v125c
                                                          1.512000  
U1170                     STP_EO2_S_0P5   um28nchslogl35hsl140f_ssgwc0p9v125c
                                                          1.512000  
U1171                     STP_EO2_S_0P5   um28nchslogl35hsl140f_ssgwc0p9v125c
                                                          1.512000  
U1172                     STP_EO2_S_0P5   um28nchslogl35hsl140f_ssgwc0p9v125c
                                                          1.512000  
--------------------------------------------------------------------------------
Total 594 cells                                           598.079992
1
