 
****************************************
Report : threshold voltage group
Design : IP_DAEC_decoder
Version: Q-2019.12-SP5-5
Date   : Mon Sep 11 19:11:28 2023
****************************************

********************************************************************************
                        Threshold Voltage Group Report                         

Vth Group                All                Blackbox           Non-blackbox
Name                    cells                cells                cells
********************************************************************************
SVT35                 719 (100.00%)          0   (0.00%)        719 (100.00%)   
********************************************************************************

Vth Group                All                Blackbox           Non-blackbox
Name                  cell area            cell area            cell area
********************************************************************************
SVT35              662.42 (100.00%)       0.00   (0.00%)     662.42 (100.00%)   
********************************************************************************
1
