 
****************************************
Report : threshold voltage group
Design : IP_DAEC_decoder
Version: Q-2019.12-SP5-5
Date   : Sun Sep 17 23:42:41 2023
****************************************

********************************************************************************
                        Threshold Voltage Group Report                         

Vth Group                All                Blackbox           Non-blackbox
Name                    cells                cells                cells
********************************************************************************
SVT35                1086 (100.00%)          0   (0.00%)       1086 (100.00%)   
********************************************************************************

Vth Group                All                Blackbox           Non-blackbox
Name                  cell area            cell area            cell area
********************************************************************************
SVT35             1683.19 (100.00%)       0.00   (0.00%)    1683.19 (100.00%)   
********************************************************************************
1
