 
****************************************
Report : threshold voltage group
Design : AMDCHIPKILL_ENCODER
Version: Q-2019.12-SP5-5
Date   : Mon Sep 11 13:26:56 2023
****************************************

********************************************************************************
                        Threshold Voltage Group Report                         

Vth Group                All                Blackbox           Non-blackbox
Name                    cells                cells                cells
********************************************************************************
LVT35                  96 (100.00%)          0   (0.00%)         96 (100.00%)   
********************************************************************************

Vth Group                All                Blackbox           Non-blackbox
Name                  cell area            cell area            cell area
********************************************************************************
LVT35              256.87 (100.00%)       0.00   (0.00%)     256.87 (100.00%)   
********************************************************************************
1
