 
****************************************
Report : reference
Design : SEC_DAEC_TAEC_encoder
Version: Q-2019.12-SP5-5
Date   : Mon Sep 11 18:05:40 2023
****************************************

Attributes:
    b - black box (unknown)
   bo - allows boundary optimization
    d - dont_touch
   mo - map_only
    h - hierarchical
    n - noncombinational
    r - removable
    s - synthetic operator
    u - contains unmapped logic

Reference          Library       Unit Area   Count    Total Area   Attributes
-----------------------------------------------------------------------------
STP_AO2BB2_0P5     um28nchslogl35hsl140f_ssgwc0p9v125c
                                  1.008000      18     18.144000  
STP_EO3_0P5        um28nchslogl35hsl140f_ssgwc0p9v125c
                                  1.512000      49     74.087998  
STP_INV_S_0P65     um28nchslogl35hsl140f_ssgwc0p9v125c
                                  0.336000       3      1.008000  
STP_OA2BB2_0P5     um28nchslogl35hsl140f_ssgwc0p9v125c
                                  1.008000       1      1.008000  
-----------------------------------------------------------------------------
Total 4 references                                     94.247999
1
