 
****************************************
Report : timing
        -path full
        -delay max
        -nworst 10
        -max_paths 10
Design : SCC_8LC_encoder
Version: Q-2019.12-SP5-5
Date   : Mon Sep 11 18:04:06 2023
****************************************

Operating Conditions: SSGWC0P9V125C   Library: um28nchslogl35hsl140f_ssgwc0p9v125c
Wire Load Model Mode: enclosed

  Startpoint: message[62]
              (input port clocked by vclk)
  Endpoint: codeword[4]
            (output port clocked by vclk)
  Path Group: vclk
  Path Type: max

  Des/Clust/Port     Wire Load Model       Library
  ------------------------------------------------
  SCC_8LC_encoder    ZeroWLM               um28nchslogl35hsl140f_ssgwc0p9v125c

  Point                                    Incr       Path
  -----------------------------------------------------------
  clock vclk (rise edge)                   0.00       0.00
  clock network delay (ideal)              0.00       0.00
  input external delay                     0.00       0.00 f
  message[62] (in)                         0.00       0.00 f
  U182/X (STP_AO2BB2_0P5)                  0.06       0.06 f
  U194/X (STP_EO3_0P5)                     0.10       0.16 f
  U195/X (STP_EO3_0P5)                     0.09       0.26 f
  U196/X (STP_EO3_0P5)                     0.09       0.35 f
  U197/X (STP_EO3_0P5)                     0.09       0.44 f
  U198/X (STP_EO3_0P5)                     0.08       0.52 f
  codeword[4] (out)                        0.00       0.52 f
  data arrival time                                   0.52

  clock vclk (rise edge)                   0.60       0.60
  clock network delay (ideal)              0.00       0.60
  output external delay                    0.00       0.60
  data required time                                  0.60
  -----------------------------------------------------------
  data required time                                  0.60
  data arrival time                                  -0.52
  -----------------------------------------------------------
  slack (MET)                                         0.08


  Startpoint: message[58]
              (input port clocked by vclk)
  Endpoint: codeword[4]
            (output port clocked by vclk)
  Path Group: vclk
  Path Type: max

  Des/Clust/Port     Wire Load Model       Library
  ------------------------------------------------
  SCC_8LC_encoder    ZeroWLM               um28nchslogl35hsl140f_ssgwc0p9v125c

  Point                                    Incr       Path
  -----------------------------------------------------------
  clock vclk (rise edge)                   0.00       0.00
  clock network delay (ideal)              0.00       0.00
  input external delay                     0.00       0.00 f
  message[58] (in)                         0.00       0.00 f
  U182/X (STP_AO2BB2_0P5)                  0.06       0.06 f
  U194/X (STP_EO3_0P5)                     0.10       0.16 f
  U195/X (STP_EO3_0P5)                     0.09       0.25 f
  U196/X (STP_EO3_0P5)                     0.09       0.34 f
  U197/X (STP_EO3_0P5)                     0.09       0.44 f
  U198/X (STP_EO3_0P5)                     0.08       0.52 f
  codeword[4] (out)                        0.00       0.52 f
  data arrival time                                   0.52

  clock vclk (rise edge)                   0.60       0.60
  clock network delay (ideal)              0.00       0.60
  output external delay                    0.00       0.60
  data required time                                  0.60
  -----------------------------------------------------------
  data required time                                  0.60
  data arrival time                                  -0.52
  -----------------------------------------------------------
  slack (MET)                                         0.08


  Startpoint: message[62]
              (input port clocked by vclk)
  Endpoint: codeword[4]
            (output port clocked by vclk)
  Path Group: vclk
  Path Type: max

  Des/Clust/Port     Wire Load Model       Library
  ------------------------------------------------
  SCC_8LC_encoder    ZeroWLM               um28nchslogl35hsl140f_ssgwc0p9v125c

  Point                                    Incr       Path
  -----------------------------------------------------------
  clock vclk (rise edge)                   0.00       0.00
  clock network delay (ideal)              0.00       0.00
  input external delay                     0.00       0.00 f
  message[62] (in)                         0.00       0.00 f
  U182/X (STP_AO2BB2_0P5)                  0.06       0.06 f
  U194/X (STP_EO3_0P5)                     0.10       0.16 f
  U195/X (STP_EO3_0P5)                     0.09       0.25 f
  U196/X (STP_EO3_0P5)                     0.09       0.34 f
  U197/X (STP_EO3_0P5)                     0.09       0.43 f
  U198/X (STP_EO3_0P5)                     0.08       0.52 f
  codeword[4] (out)                        0.00       0.52 f
  data arrival time                                   0.52

  clock vclk (rise edge)                   0.60       0.60
  clock network delay (ideal)              0.00       0.60
  output external delay                    0.00       0.60
  data required time                                  0.60
  -----------------------------------------------------------
  data required time                                  0.60
  data arrival time                                  -0.52
  -----------------------------------------------------------
  slack (MET)                                         0.08


  Startpoint: message[58]
              (input port clocked by vclk)
  Endpoint: codeword[4]
            (output port clocked by vclk)
  Path Group: vclk
  Path Type: max

  Des/Clust/Port     Wire Load Model       Library
  ------------------------------------------------
  SCC_8LC_encoder    ZeroWLM               um28nchslogl35hsl140f_ssgwc0p9v125c

  Point                                    Incr       Path
  -----------------------------------------------------------
  clock vclk (rise edge)                   0.00       0.00
  clock network delay (ideal)              0.00       0.00
  input external delay                     0.00       0.00 f
  message[58] (in)                         0.00       0.00 f
  U182/X (STP_AO2BB2_0P5)                  0.06       0.06 f
  U194/X (STP_EO3_0P5)                     0.10       0.16 f
  U195/X (STP_EO3_0P5)                     0.09       0.25 f
  U196/X (STP_EO3_0P5)                     0.09       0.34 f
  U197/X (STP_EO3_0P5)                     0.09       0.43 f
  U198/X (STP_EO3_0P5)                     0.08       0.52 f
  codeword[4] (out)                        0.00       0.52 f
  data arrival time                                   0.52

  clock vclk (rise edge)                   0.60       0.60
  clock network delay (ideal)              0.00       0.60
  output external delay                    0.00       0.60
  data required time                                  0.60
  -----------------------------------------------------------
  data required time                                  0.60
  data arrival time                                  -0.52
  -----------------------------------------------------------
  slack (MET)                                         0.08


  Startpoint: message[62]
              (input port clocked by vclk)
  Endpoint: codeword[4]
            (output port clocked by vclk)
  Path Group: vclk
  Path Type: max

  Des/Clust/Port     Wire Load Model       Library
  ------------------------------------------------
  SCC_8LC_encoder    ZeroWLM               um28nchslogl35hsl140f_ssgwc0p9v125c

  Point                                    Incr       Path
  -----------------------------------------------------------
  clock vclk (rise edge)                   0.00       0.00
  clock network delay (ideal)              0.00       0.00
  input external delay                     0.00       0.00 f
  message[62] (in)                         0.00       0.00 f
  U182/X (STP_AO2BB2_0P5)                  0.06       0.06 f
  U194/X (STP_EO3_0P5)                     0.10       0.16 f
  U195/X (STP_EO3_0P5)                     0.09       0.25 f
  U196/X (STP_EO3_0P5)                     0.09       0.34 f
  U197/X (STP_EO3_0P5)                     0.09       0.43 f
  U198/X (STP_EO3_0P5)                     0.08       0.52 f
  codeword[4] (out)                        0.00       0.52 f
  data arrival time                                   0.52

  clock vclk (rise edge)                   0.60       0.60
  clock network delay (ideal)              0.00       0.60
  output external delay                    0.00       0.60
  data required time                                  0.60
  -----------------------------------------------------------
  data required time                                  0.60
  data arrival time                                  -0.52
  -----------------------------------------------------------
  slack (MET)                                         0.08


  Startpoint: message[58]
              (input port clocked by vclk)
  Endpoint: codeword[4]
            (output port clocked by vclk)
  Path Group: vclk
  Path Type: max

  Des/Clust/Port     Wire Load Model       Library
  ------------------------------------------------
  SCC_8LC_encoder    ZeroWLM               um28nchslogl35hsl140f_ssgwc0p9v125c

  Point                                    Incr       Path
  -----------------------------------------------------------
  clock vclk (rise edge)                   0.00       0.00
  clock network delay (ideal)              0.00       0.00
  input external delay                     0.00       0.00 f
  message[58] (in)                         0.00       0.00 f
  U182/X (STP_AO2BB2_0P5)                  0.06       0.06 f
  U194/X (STP_EO3_0P5)                     0.10       0.16 f
  U195/X (STP_EO3_0P5)                     0.09       0.25 f
  U196/X (STP_EO3_0P5)                     0.09       0.34 f
  U197/X (STP_EO3_0P5)                     0.09       0.43 f
  U198/X (STP_EO3_0P5)                     0.08       0.52 f
  codeword[4] (out)                        0.00       0.52 f
  data arrival time                                   0.52

  clock vclk (rise edge)                   0.60       0.60
  clock network delay (ideal)              0.00       0.60
  output external delay                    0.00       0.60
  data required time                                  0.60
  -----------------------------------------------------------
  data required time                                  0.60
  data arrival time                                  -0.52
  -----------------------------------------------------------
  slack (MET)                                         0.08


  Startpoint: message[62]
              (input port clocked by vclk)
  Endpoint: codeword[4]
            (output port clocked by vclk)
  Path Group: vclk
  Path Type: max

  Des/Clust/Port     Wire Load Model       Library
  ------------------------------------------------
  SCC_8LC_encoder    ZeroWLM               um28nchslogl35hsl140f_ssgwc0p9v125c

  Point                                    Incr       Path
  -----------------------------------------------------------
  clock vclk (rise edge)                   0.00       0.00
  clock network delay (ideal)              0.00       0.00
  input external delay                     0.00       0.00 f
  message[62] (in)                         0.00       0.00 f
  U182/X (STP_AO2BB2_0P5)                  0.06       0.06 f
  U194/X (STP_EO3_0P5)                     0.10       0.16 f
  U195/X (STP_EO3_0P5)                     0.09       0.25 f
  U196/X (STP_EO3_0P5)                     0.09       0.34 f
  U197/X (STP_EO3_0P5)                     0.09       0.43 f
  U198/X (STP_EO3_0P5)                     0.08       0.52 f
  codeword[4] (out)                        0.00       0.52 f
  data arrival time                                   0.52

  clock vclk (rise edge)                   0.60       0.60
  clock network delay (ideal)              0.00       0.60
  output external delay                    0.00       0.60
  data required time                                  0.60
  -----------------------------------------------------------
  data required time                                  0.60
  data arrival time                                  -0.52
  -----------------------------------------------------------
  slack (MET)                                         0.08


  Startpoint: message[62]
              (input port clocked by vclk)
  Endpoint: codeword[4]
            (output port clocked by vclk)
  Path Group: vclk
  Path Type: max

  Des/Clust/Port     Wire Load Model       Library
  ------------------------------------------------
  SCC_8LC_encoder    ZeroWLM               um28nchslogl35hsl140f_ssgwc0p9v125c

  Point                                    Incr       Path
  -----------------------------------------------------------
  clock vclk (rise edge)                   0.00       0.00
  clock network delay (ideal)              0.00       0.00
  input external delay                     0.00       0.00 f
  message[62] (in)                         0.00       0.00 f
  U182/X (STP_AO2BB2_0P5)                  0.06       0.06 f
  U194/X (STP_EO3_0P5)                     0.10       0.16 f
  U195/X (STP_EO3_0P5)                     0.09       0.26 f
  U196/X (STP_EO3_0P5)                     0.09       0.34 f
  U197/X (STP_EO3_0P5)                     0.09       0.43 f
  U198/X (STP_EO3_0P5)                     0.08       0.52 f
  codeword[4] (out)                        0.00       0.52 f
  data arrival time                                   0.52

  clock vclk (rise edge)                   0.60       0.60
  clock network delay (ideal)              0.00       0.60
  output external delay                    0.00       0.60
  data required time                                  0.60
  -----------------------------------------------------------
  data required time                                  0.60
  data arrival time                                  -0.52
  -----------------------------------------------------------
  slack (MET)                                         0.08


  Startpoint: message[62]
              (input port clocked by vclk)
  Endpoint: codeword[4]
            (output port clocked by vclk)
  Path Group: vclk
  Path Type: max

  Des/Clust/Port     Wire Load Model       Library
  ------------------------------------------------
  SCC_8LC_encoder    ZeroWLM               um28nchslogl35hsl140f_ssgwc0p9v125c

  Point                                    Incr       Path
  -----------------------------------------------------------
  clock vclk (rise edge)                   0.00       0.00
  clock network delay (ideal)              0.00       0.00
  input external delay                     0.00       0.00 f
  message[62] (in)                         0.00       0.00 f
  U182/X (STP_AO2BB2_0P5)                  0.06       0.06 f
  U194/X (STP_EO3_0P5)                     0.10       0.16 f
  U195/X (STP_EO3_0P5)                     0.09       0.26 f
  U196/X (STP_EO3_0P5)                     0.09       0.35 f
  U197/X (STP_EO3_0P5)                     0.09       0.43 f
  U198/X (STP_EO3_0P5)                     0.08       0.52 f
  codeword[4] (out)                        0.00       0.52 f
  data arrival time                                   0.52

  clock vclk (rise edge)                   0.60       0.60
  clock network delay (ideal)              0.00       0.60
  output external delay                    0.00       0.60
  data required time                                  0.60
  -----------------------------------------------------------
  data required time                                  0.60
  data arrival time                                  -0.52
  -----------------------------------------------------------
  slack (MET)                                         0.08


  Startpoint: message[7] (input port clocked by vclk)
  Endpoint: codeword[1]
            (output port clocked by vclk)
  Path Group: vclk
  Path Type: max

  Des/Clust/Port     Wire Load Model       Library
  ------------------------------------------------
  SCC_8LC_encoder    ZeroWLM               um28nchslogl35hsl140f_ssgwc0p9v125c

  Point                                    Incr       Path
  -----------------------------------------------------------
  clock vclk (rise edge)                   0.00       0.00
  clock network delay (ideal)              0.00       0.00
  input external delay                     0.00       0.00 f
  message[7] (in)                          0.00       0.00 f
  U156/X (STP_AO2BB2_0P5)                  0.06       0.06 f
  U157/X (STP_EO3_0P5)                     0.10       0.16 f
  U158/X (STP_EO3_0P5)                     0.09       0.25 f
  U159/X (STP_EO3_0P5)                     0.09       0.34 f
  U160/X (STP_EO3_0P5)                     0.09       0.43 f
  U166/X (STP_EO3_0P5)                     0.05       0.48 r
  U169/X (STP_EO3_0P5)                     0.03       0.52 f
  codeword[1] (out)                        0.00       0.52 f
  data arrival time                                   0.52

  clock vclk (rise edge)                   0.60       0.60
  clock network delay (ideal)              0.00       0.60
  output external delay                    0.00       0.60
  data required time                                  0.60
  -----------------------------------------------------------
  data required time                                  0.60
  data arrival time                                  -0.52
  -----------------------------------------------------------
  slack (MET)                                         0.08


1
