 
****************************************
Report : threshold voltage group
Design : IP_DAEC_8LC_encoder
Version: Q-2019.12-SP5-5
Date   : Sun Sep 17 23:53:35 2023
****************************************

********************************************************************************
                        Threshold Voltage Group Report                         

Vth Group                All                Blackbox           Non-blackbox
Name                    cells                cells                cells
********************************************************************************
SVT35                  68 (100.00%)          0   (0.00%)         68 (100.00%)   
********************************************************************************

Vth Group                All                Blackbox           Non-blackbox
Name                  cell area            cell area            cell area
********************************************************************************
SVT35               95.42 (100.00%)       0.00   (0.00%)      95.42 (100.00%)   
********************************************************************************
1
