 
****************************************
Report : cell
Design : IP_DAEC_8LC_encoder
Version: Q-2019.12-SP5-5
Date   : Wed Sep 13 22:51:54 2023
****************************************

Attributes:
    b - black box (unknown)
    h - hierarchical
    n - noncombinational
    r - removable
    u - contains unmapped logic

Cell                      Reference       Library             Area  Attributes
--------------------------------------------------------------------------------
U77                       STP_INV_S_0P65  um28nchslogl35hsl140f_ssgwc0p9v125c
                                                          0.336000  
U78                       STP_INV_S_0P65  um28nchslogl35hsl140f_ssgwc0p9v125c
                                                          0.336000  
U79                       STP_INV_S_0P65  um28nchslogl35hsl140f_ssgwc0p9v125c
                                                          0.336000  
U80                       STP_EO3_0P5     um28nchslogl35hsl140f_ssgwc0p9v125c
                                                          1.512000  
U81                       STP_EO3_0P5     um28nchslogl35hsl140f_ssgwc0p9v125c
                                                          1.512000  
U82                       STP_AO2BB2_0P5  um28nchslogl35hsl140f_ssgwc0p9v125c
                                                          1.008000  
U83                       STP_AO2BB2_0P5  um28nchslogl35hsl140f_ssgwc0p9v125c
                                                          1.008000  
U84                       STP_AO2BB2_0P5  um28nchslogl35hsl140f_ssgwc0p9v125c
                                                          1.008000  
U85                       STP_EO3_0P5     um28nchslogl35hsl140f_ssgwc0p9v125c
                                                          1.512000  
U86                       STP_EO3_0P5     um28nchslogl35hsl140f_ssgwc0p9v125c
                                                          1.512000  
U87                       STP_EO3_0P5     um28nchslogl35hsl140f_ssgwc0p9v125c
                                                          1.512000  
U88                       STP_EO3_0P5     um28nchslogl35hsl140f_ssgwc0p9v125c
                                                          1.512000  
U89                       STP_AO2BB2_0P5  um28nchslogl35hsl140f_ssgwc0p9v125c
                                                          1.008000  
U90                       STP_AO2BB2_0P5  um28nchslogl35hsl140f_ssgwc0p9v125c
                                                          1.008000  
U91                       STP_EO3_0P5     um28nchslogl35hsl140f_ssgwc0p9v125c
                                                          1.512000  
U92                       STP_AO2BB2_0P5  um28nchslogl35hsl140f_ssgwc0p9v125c
                                                          1.008000  
U93                       STP_EO3_0P5     um28nchslogl35hsl140f_ssgwc0p9v125c
                                                          1.512000  
U94                       STP_EO3_0P5     um28nchslogl35hsl140f_ssgwc0p9v125c
                                                          1.512000  
U95                       STP_EO3_0P5     um28nchslogl35hsl140f_ssgwc0p9v125c
                                                          1.512000  
U96                       STP_EO3_0P5     um28nchslogl35hsl140f_ssgwc0p9v125c
                                                          1.512000  
U97                       STP_ADDH_0P5    um28nchslogl35hsl140f_ssgwc0p9v125c
                                                          1.176000  r
U98                       STP_EO3_0P5     um28nchslogl35hsl140f_ssgwc0p9v125c
                                                          1.512000  
U99                       STP_EO3_0P5     um28nchslogl35hsl140f_ssgwc0p9v125c
                                                          1.512000  
U100                      STP_EO3_0P5     um28nchslogl35hsl140f_ssgwc0p9v125c
                                                          1.512000  
U101                      STP_EO3_0P5     um28nchslogl35hsl140f_ssgwc0p9v125c
                                                          1.512000  
U102                      STP_EO3_0P5     um28nchslogl35hsl140f_ssgwc0p9v125c
                                                          1.512000  
U103                      STP_EO3_0P5     um28nchslogl35hsl140f_ssgwc0p9v125c
                                                          1.512000  
U104                      STP_AO2BB2_0P5  um28nchslogl35hsl140f_ssgwc0p9v125c
                                                          1.008000  
U105                      STP_EO3_0P5     um28nchslogl35hsl140f_ssgwc0p9v125c
                                                          1.512000  
U106                      STP_AO2BB2_0P5  um28nchslogl35hsl140f_ssgwc0p9v125c
                                                          1.008000  
U107                      STP_AO2BB2_0P5  um28nchslogl35hsl140f_ssgwc0p9v125c
                                                          1.008000  
U108                      STP_AO2BB2_0P5  um28nchslogl35hsl140f_ssgwc0p9v125c
                                                          1.008000  
U109                      STP_EO3_0P5     um28nchslogl35hsl140f_ssgwc0p9v125c
                                                          1.512000  
U110                      STP_EO3_0P5     um28nchslogl35hsl140f_ssgwc0p9v125c
                                                          1.512000  
U111                      STP_EO3_0P5     um28nchslogl35hsl140f_ssgwc0p9v125c
                                                          1.512000  
U112                      STP_EO3_0P5     um28nchslogl35hsl140f_ssgwc0p9v125c
                                                          1.512000  
U113                      STP_AO2BB2_0P5  um28nchslogl35hsl140f_ssgwc0p9v125c
                                                          1.008000  
U114                      STP_EO3_0P5     um28nchslogl35hsl140f_ssgwc0p9v125c
                                                          1.512000  
U115                      STP_EO3_0P5     um28nchslogl35hsl140f_ssgwc0p9v125c
                                                          1.512000  
U116                      STP_EO3_0P5     um28nchslogl35hsl140f_ssgwc0p9v125c
                                                          1.512000  
U117                      STP_AO2BB2_0P5  um28nchslogl35hsl140f_ssgwc0p9v125c
                                                          1.008000  
U118                      STP_EO3_0P5     um28nchslogl35hsl140f_ssgwc0p9v125c
                                                          1.512000  
U119                      STP_AO2BB2_0P5  um28nchslogl35hsl140f_ssgwc0p9v125c
                                                          1.008000  
U120                      STP_EO3_0P5     um28nchslogl35hsl140f_ssgwc0p9v125c
                                                          1.512000  
U121                      STP_EO3_0P5     um28nchslogl35hsl140f_ssgwc0p9v125c
                                                          1.512000  
U122                      STP_AO2BB2_0P5  um28nchslogl35hsl140f_ssgwc0p9v125c
                                                          1.008000  
U123                      STP_EO3_0P5     um28nchslogl35hsl140f_ssgwc0p9v125c
                                                          1.512000  
U124                      STP_EO3_0P5     um28nchslogl35hsl140f_ssgwc0p9v125c
                                                          1.512000  
U125                      STP_EO3_0P5     um28nchslogl35hsl140f_ssgwc0p9v125c
                                                          1.512000  
U126                      STP_AO2BB2_0P5  um28nchslogl35hsl140f_ssgwc0p9v125c
                                                          1.008000  
U127                      STP_EO3_0P5     um28nchslogl35hsl140f_ssgwc0p9v125c
                                                          1.512000  
U128                      STP_EO3_0P5     um28nchslogl35hsl140f_ssgwc0p9v125c
                                                          1.512000  
U129                      STP_AOI22_0P5   um28nchslogl35hsl140f_ssgwc0p9v125c
                                                          0.840000  
U130                      STP_EO3_0P5     um28nchslogl35hsl140f_ssgwc0p9v125c
                                                          1.512000  
U131                      STP_EO3_0P5     um28nchslogl35hsl140f_ssgwc0p9v125c
                                                          1.512000  
U132                      STP_EO3_0P5     um28nchslogl35hsl140f_ssgwc0p9v125c
                                                          1.512000  
U133                      STP_AO2BB2_0P5  um28nchslogl35hsl140f_ssgwc0p9v125c
                                                          1.008000  
U134                      STP_EO3_0P5     um28nchslogl35hsl140f_ssgwc0p9v125c
                                                          1.512000  
U135                      STP_EO3_0P5     um28nchslogl35hsl140f_ssgwc0p9v125c
                                                          1.512000  
U136                      STP_EO3_0P5     um28nchslogl35hsl140f_ssgwc0p9v125c
                                                          1.512000  
U137                      STP_EO3_0P5     um28nchslogl35hsl140f_ssgwc0p9v125c
                                                          1.512000  
U138                      STP_EO3_0P5     um28nchslogl35hsl140f_ssgwc0p9v125c
                                                          1.512000  
U139                      STP_AO2BB2_0P5  um28nchslogl35hsl140f_ssgwc0p9v125c
                                                          1.008000  
U140                      STP_EO3_0P5     um28nchslogl35hsl140f_ssgwc0p9v125c
                                                          1.512000  
U141                      STP_EO3_0P5     um28nchslogl35hsl140f_ssgwc0p9v125c
                                                          1.512000  
U142                      STP_EO3_0P5     um28nchslogl35hsl140f_ssgwc0p9v125c
                                                          1.512000  
--------------------------------------------------------------------------------
Total 66 cells                                            86.687999
1
