 
****************************************
Report : area
Design : SEC_DAEC_encoder
Version: Q-2019.12-SP5-5
Date   : Sun Sep 17 22:29:04 2023
****************************************

Library(s) Used:

    um28nchslogl35hsl140f_ssgwc0p9v125c (File: /media/0/LogicLibraries/UMC/28nm/35hs/hsl/svt/latest/liberty/logic_synth/um28nchslogl35hsl140f_ssgwc0p9v125c.db)

Number of ports:                          136
Number of nets:                           157
Number of cells:                           93
Number of combinational cells:             93
Number of sequential cells:                 0
Number of macros/black boxes:               0
Number of buf/inv:                          4
Number of references:                      13

Combinational area:                135.071997
Buf/Inv area:                        1.344000
Noncombinational area:               0.000000
Macro/Black Box area:                0.000000
Net Interconnect area:      undefined  (Wire load has zero net area)

Total cell area:                   135.071997
Total area:                 undefined

The above information was reported from the logical library. The following are from the physical library:

Hierarchical area distribution
------------------------------

                                  Global cell area          Local cell area
                                  ------------------  --------------------------- 
Hierarchical cell                 Absolute   Percent  Combi-    Noncombi-  Black-
                                  Total      Total    national  national   boxes   Design
--------------------------------  ---------  -------  --------  ---------  ------  ---------
SEC_DAEC_encoder                   135.0720    100.0  135.0720     0.0000  0.0000  SEC_DAEC_encoder
--------------------------------  ---------  -------  --------  ---------  ------  ---------
Total                                                 135.0720     0.0000  0.0000

1
